This is pdfTeX, Version 3.141592653-2.6-1.40.25 (TeX Live 2023/Debian) (preloaded format=pdflatex 2026.5.11)  10 AUG 2026 00:32
entering extended mode
 restricted \write18 enabled.
 file:line:error style messages enabled.
 %&-line parsing enabled.
**"/home/max/6th Semester/Embeded_RealTime_Systems/Project/Document/latex/main.tex"
(/home/max/6th Semester/Embeded_RealTime_Systems/Project/Document/latex/main.tex
LaTeX2e <2023-11-01> patch level 1
L3 programming layer <2024-01-22>
(/usr/share/texlive/texmf-dist/tex/latex/base/article.cls
Document Class: article 2023/05/17 v1.4n Standard LaTeX document class
(/usr/share/texlive/texmf-dist/tex/latex/base/size12.clo
File: size12.clo 2023/05/17 v1.4n Standard LaTeX file (size option)
)
\c@part=\count187
\c@section=\count188
\c@subsection=\count189
\c@subsubsection=\count190
\c@paragraph=\count191
\c@subparagraph=\count192
\c@figure=\count193
\c@table=\count194
\abovecaptionskip=\skip48
\belowcaptionskip=\skip49
\bibindent=\dimen140
) (./config.tex) (/home/max/texmf/tex/latex/common/packages.tex (/usr/share/texlive/texmf-dist/tex/latex/geometry/geometry.sty
Package: geometry 2020/01/02 v5.9 Page Geometry
 (/usr/share/texlive/texmf-dist/tex/latex/graphics/keyval.sty
Package: keyval 2022/05/29 v1.15 key=value parser (DPC)
\KV@toks@=\toks17
) (/usr/share/texlive/texmf-dist/tex/generic/iftex/ifvtex.sty
Package: ifvtex 2019/10/25 v1.7 ifvtex legacy package. Use iftex instead.
 (/usr/share/texlive/texmf-dist/tex/generic/iftex/iftex.sty
Package: iftex 2022/02/03 v1.0f TeX engine tests
))
\Gm@cnth=\count195
\Gm@cntv=\count196
\c@Gm@tempcnt=\count197
\Gm@bindingoffset=\dimen141
\Gm@wd@mp=\dimen142
\Gm@odd@mp=\dimen143
\Gm@even@mp=\dimen144
\Gm@layoutwidth=\dimen145
\Gm@layoutheight=\dimen146
\Gm@layouthoffset=\dimen147
\Gm@layoutvoffset=\dimen148
\Gm@dimlist=\toks18
) (/usr/share/texlive/texmf-dist/tex/latex/fancyhdr/fancyhdr.sty
Package: fancyhdr 2022/11/09 v4.1 Extensive control of page headers and footers
\f@nch@headwidth=\skip50
\f@nch@O@elh=\skip51
\f@nch@O@erh=\skip52
\f@nch@O@olh=\skip53
\f@nch@O@orh=\skip54
\f@nch@O@elf=\skip55
\f@nch@O@erf=\skip56
\f@nch@O@olf=\skip57
\f@nch@O@orf=\skip58
) (/usr/share/texlive/texmf-dist/tex/latex/tcolorbox/tcolorbox.sty
Package: tcolorbox 2024/01/10 version 6.2.0 text color boxes
 (/usr/share/texlive/texmf-dist/tex/latex/pgf/basiclayer/pgf.sty (/usr/share/texlive/texmf-dist/tex/latex/pgf/utilities/pgfrcs.sty (/usr/share/texlive/texmf-dist/tex/generic/pgf/utilities/pgfutil-common.tex
\pgfutil@everybye=\toks19
\pgfutil@tempdima=\dimen149
\pgfutil@tempdimb=\dimen150
) (/usr/share/texlive/texmf-dist/tex/generic/pgf/utilities/pgfutil-latex.def
\pgfutil@abb=\box51
) (/usr/share/texlive/texmf-dist/tex/generic/pgf/utilities/pgfrcs.code.tex (/usr/share/texlive/texmf-dist/tex/generic/pgf/pgf.revision.tex)
Package: pgfrcs 2023-01-15 v3.1.10 (3.1.10)
))
Package: pgf 2023-01-15 v3.1.10 (3.1.10)
 (/usr/share/texlive/texmf-dist/tex/latex/pgf/basiclayer/pgfcore.sty (/usr/share/texlive/texmf-dist/tex/latex/graphics/graphicx.sty
Package: graphicx 2021/09/16 v1.2d Enhanced LaTeX Graphics (DPC,SPQR)
 (/usr/share/texlive/texmf-dist/tex/latex/graphics/graphics.sty
Package: graphics 2022/03/10 v1.4e Standard LaTeX Graphics (DPC,SPQR)
 (/usr/share/texlive/texmf-dist/tex/latex/graphics/trig.sty
Package: trig 2021/08/11 v1.11 sin cos tan (DPC)
) (/usr/share/texlive/texmf-dist/tex/latex/graphics-cfg/graphics.cfg
File: graphics.cfg 2016/06/04 v1.11 sample graphics configuration
)
Package graphics Info: Driver file: pdftex.def on input line 107.
 (/usr/share/texlive/texmf-dist/tex/latex/graphics-def/pdftex.def
File: pdftex.def 2022/09/22 v1.2b Graphics/color driver for pdftex
))
\Gin@req@height=\dimen151
\Gin@req@width=\dimen152
) (/usr/share/texlive/texmf-dist/tex/latex/pgf/systemlayer/pgfsys.sty (/usr/share/texlive/texmf-dist/tex/generic/pgf/systemlayer/pgfsys.code.tex
Package: pgfsys 2023-01-15 v3.1.10 (3.1.10)
 (/usr/share/texlive/texmf-dist/tex/generic/pgf/utilities/pgfkeys.code.tex
\pgfkeys@pathtoks=\toks20
\pgfkeys@temptoks=\toks21
 (/usr/share/texlive/texmf-dist/tex/generic/pgf/utilities/pgfkeyslibraryfiltered.code.tex
\pgfkeys@tmptoks=\toks22
))
\pgf@x=\dimen153
\pgf@y=\dimen154
\pgf@xa=\dimen155
\pgf@ya=\dimen156
\pgf@xb=\dimen157
\pgf@yb=\dimen158
\pgf@xc=\dimen159
\pgf@yc=\dimen160
\pgf@xd=\dimen161
\pgf@yd=\dimen162
\w@pgf@writea=\write3
\r@pgf@reada=\read2
\c@pgf@counta=\count198
\c@pgf@countb=\count199
\c@pgf@countc=\count266
\c@pgf@countd=\count267
\t@pgf@toka=\toks23
\t@pgf@tokb=\toks24
\t@pgf@tokc=\toks25
\pgf@sys@id@count=\count268
 (/usr/share/texlive/texmf-dist/tex/generic/pgf/systemlayer/pgf.cfg
File: pgf.cfg 2023-01-15 v3.1.10 (3.1.10)
)
Driver file for pgf: pgfsys-pdftex.def
 (/usr/share/texlive/texmf-dist/tex/generic/pgf/systemlayer/pgfsys-pdftex.def
File: pgfsys-pdftex.def 2023-01-15 v3.1.10 (3.1.10)
 (/usr/share/texlive/texmf-dist/tex/generic/pgf/systemlayer/pgfsys-common-pdf.def
File: pgfsys-common-pdf.def 2023-01-15 v3.1.10 (3.1.10)
))) (/usr/share/texlive/texmf-dist/tex/generic/pgf/systemlayer/pgfsyssoftpath.code.tex
File: pgfsyssoftpath.code.tex 2023-01-15 v3.1.10 (3.1.10)
\pgfsyssoftpath@smallbuffer@items=\count269
\pgfsyssoftpath@bigbuffer@items=\count270
) (/usr/share/texlive/texmf-dist/tex/generic/pgf/systemlayer/pgfsysprotocol.code.tex
File: pgfsysprotocol.code.tex 2023-01-15 v3.1.10 (3.1.10)
)) (/usr/share/texlive/texmf-dist/tex/latex/xcolor/xcolor.sty
Package: xcolor 2023/11/15 v3.01 LaTeX color extensions (UK)
 (/usr/share/texlive/texmf-dist/tex/latex/graphics-cfg/color.cfg
File: color.cfg 2016/01/02 v1.6 sample color configuration
)
Package xcolor Info: Driver file: pdftex.def on input line 274.
 (/usr/share/texlive/texmf-dist/tex/latex/graphics/mathcolor.ltx)
Package xcolor Info: Model `cmy' substituted by `cmy0' on input line 1350.
Package xcolor Info: Model `hsb' substituted by `rgb' on input line 1354.
Package xcolor Info: Model `RGB' extended on input line 1366.
Package xcolor Info: Model `HTML' substituted by `rgb' on input line 1368.
Package xcolor Info: Model `Hsb' substituted by `hsb' on input line 1369.
Package xcolor Info: Model `tHsb' substituted by `hsb' on input line 1370.
Package xcolor Info: Model `HSB' substituted by `hsb' on input line 1371.
Package xcolor Info: Model `Gray' substituted by `gray' on input line 1372.
Package xcolor Info: Model `wave' substituted by `hsb' on input line 1373.
) (/usr/share/texlive/texmf-dist/tex/latex/colortbl/colortbl.sty
Package: colortbl 2022/06/20 v1.0f Color table columns (DPC)
 (/usr/share/texlive/texmf-dist/tex/latex/tools/array.sty
Package: array 2023/10/16 v2.5g Tabular extension package (FMi)
\col@sep=\dimen163
\ar@mcellbox=\box52
\extrarowheight=\dimen164
\NC@list=\toks26
\extratabsurround=\skip59
\backup@length=\skip60
\ar@cellbox=\box53
)
\everycr=\toks27
\minrowclearance=\skip61
\rownum=\count271
) (/usr/share/texlive/texmf-dist/tex/generic/pgf/basiclayer/pgfcore.code.tex
Package: pgfcore 2023-01-15 v3.1.10 (3.1.10)
 (/usr/share/texlive/texmf-dist/tex/generic/pgf/math/pgfmath.code.tex (/usr/share/texlive/texmf-dist/tex/generic/pgf/math/pgfmathutil.code.tex) (/usr/share/texlive/texmf-dist/tex/generic/pgf/math/pgfmathparser.code.tex
\pgfmath@dimen=\dimen165
\pgfmath@count=\count272
\pgfmath@box=\box54
\pgfmath@toks=\toks28
\pgfmath@stack@operand=\toks29
\pgfmath@stack@operation=\toks30
) (/usr/share/texlive/texmf-dist/tex/generic/pgf/math/pgfmathfunctions.code.tex) (/usr/share/texlive/texmf-dist/tex/generic/pgf/math/pgfmathfunctions.basic.code.tex) (/usr/share/texlive/texmf-dist/tex/generic/pgf/math/pgfmathfunctions.trigonometric.code.tex) (/usr/share/texlive/texmf-dist/tex/generic/pgf/math/pgfmathfunctions.random.code.tex) (/usr/share/texlive/texmf-dist/tex/generic/pgf/math/pgfmathfunctions.comparison.code.tex) (/usr/share/texlive/texmf-dist/tex/generic/pgf/math/pgfmathfunctions.base.code.tex) (/usr/share/texlive/texmf-dist/tex/generic/pgf/math/pgfmathfunctions.round.code.tex) (/usr/share/texlive/texmf-dist/tex/generic/pgf/math/pgfmathfunctions.misc.code.tex) (/usr/share/texlive/texmf-dist/tex/generic/pgf/math/pgfmathfunctions.integerarithmetics.code.tex) (/usr/share/texlive/texmf-dist/tex/generic/pgf/math/pgfmathcalc.code.tex) (/usr/share/texlive/texmf-dist/tex/generic/pgf/math/pgfmathfloat.code.tex
\c@pgfmathroundto@lastzeros=\count273
)) (/usr/share/texlive/texmf-dist/tex/generic/pgf/math/pgfint.code.tex) (/usr/share/texlive/texmf-dist/tex/generic/pgf/basiclayer/pgfcorepoints.code.tex
File: pgfcorepoints.code.tex 2023-01-15 v3.1.10 (3.1.10)
\pgf@picminx=\dimen166
\pgf@picmaxx=\dimen167
\pgf@picminy=\dimen168
\pgf@picmaxy=\dimen169
\pgf@pathminx=\dimen170
\pgf@pathmaxx=\dimen171
\pgf@pathminy=\dimen172
\pgf@pathmaxy=\dimen173
\pgf@xx=\dimen174
\pgf@xy=\dimen175
\pgf@yx=\dimen176
\pgf@yy=\dimen177
\pgf@zx=\dimen178
\pgf@zy=\dimen179
) (/usr/share/texlive/texmf-dist/tex/generic/pgf/basiclayer/pgfcorepathconstruct.code.tex
File: pgfcorepathconstruct.code.tex 2023-01-15 v3.1.10 (3.1.10)
\pgf@path@lastx=\dimen180
\pgf@path@lasty=\dimen181
) (/usr/share/texlive/texmf-dist/tex/generic/pgf/basiclayer/pgfcorepathusage.code.tex
File: pgfcorepathusage.code.tex 2023-01-15 v3.1.10 (3.1.10)
\pgf@shorten@end@additional=\dimen182
\pgf@shorten@start@additional=\dimen183
) (/usr/share/texlive/texmf-dist/tex/generic/pgf/basiclayer/pgfcorescopes.code.tex
File: pgfcorescopes.code.tex 2023-01-15 v3.1.10 (3.1.10)
\pgfpic=\box55
\pgf@hbox=\box56
\pgf@layerbox@main=\box57
\pgf@picture@serial@count=\count274
) (/usr/share/texlive/texmf-dist/tex/generic/pgf/basiclayer/pgfcoregraphicstate.code.tex
File: pgfcoregraphicstate.code.tex 2023-01-15 v3.1.10 (3.1.10)
\pgflinewidth=\dimen184
) (/usr/share/texlive/texmf-dist/tex/generic/pgf/basiclayer/pgfcoretransformations.code.tex
File: pgfcoretransformations.code.tex 2023-01-15 v3.1.10 (3.1.10)
\pgf@pt@x=\dimen185
\pgf@pt@y=\dimen186
\pgf@pt@temp=\dimen187
) (/usr/share/texlive/texmf-dist/tex/generic/pgf/basiclayer/pgfcorequick.code.tex
File: pgfcorequick.code.tex 2023-01-15 v3.1.10 (3.1.10)
) (/usr/share/texlive/texmf-dist/tex/generic/pgf/basiclayer/pgfcoreobjects.code.tex
File: pgfcoreobjects.code.tex 2023-01-15 v3.1.10 (3.1.10)
) (/usr/share/texlive/texmf-dist/tex/generic/pgf/basiclayer/pgfcorepathprocessing.code.tex
File: pgfcorepathprocessing.code.tex 2023-01-15 v3.1.10 (3.1.10)
) (/usr/share/texlive/texmf-dist/tex/generic/pgf/basiclayer/pgfcorearrows.code.tex
File: pgfcorearrows.code.tex 2023-01-15 v3.1.10 (3.1.10)
\pgfarrowsep=\dimen188
) (/usr/share/texlive/texmf-dist/tex/generic/pgf/basiclayer/pgfcoreshade.code.tex
File: pgfcoreshade.code.tex 2023-01-15 v3.1.10 (3.1.10)
\pgf@max=\dimen189
\pgf@sys@shading@range@num=\count275
\pgf@shadingcount=\count276
) (/usr/share/texlive/texmf-dist/tex/generic/pgf/basiclayer/pgfcoreimage.code.tex
File: pgfcoreimage.code.tex 2023-01-15 v3.1.10 (3.1.10)
) (/usr/share/texlive/texmf-dist/tex/generic/pgf/basiclayer/pgfcoreexternal.code.tex
File: pgfcoreexternal.code.tex 2023-01-15 v3.1.10 (3.1.10)
\pgfexternal@startupbox=\box58
) (/usr/share/texlive/texmf-dist/tex/generic/pgf/basiclayer/pgfcorelayers.code.tex
File: pgfcorelayers.code.tex 2023-01-15 v3.1.10 (3.1.10)
) (/usr/share/texlive/texmf-dist/tex/generic/pgf/basiclayer/pgfcoretransparency.code.tex
File: pgfcoretransparency.code.tex 2023-01-15 v3.1.10 (3.1.10)
) (/usr/share/texlive/texmf-dist/tex/generic/pgf/basiclayer/pgfcorepatterns.code.tex
File: pgfcorepatterns.code.tex 2023-01-15 v3.1.10 (3.1.10)
) (/usr/share/texlive/texmf-dist/tex/generic/pgf/basiclayer/pgfcorerdf.code.tex
File: pgfcorerdf.code.tex 2023-01-15 v3.1.10 (3.1.10)
))) (/usr/share/texlive/texmf-dist/tex/generic/pgf/modules/pgfmoduleshapes.code.tex
File: pgfmoduleshapes.code.tex 2023-01-15 v3.1.10 (3.1.10)
\pgfnodeparttextbox=\box59
) (/usr/share/texlive/texmf-dist/tex/generic/pgf/modules/pgfmoduleplot.code.tex
File: pgfmoduleplot.code.tex 2023-01-15 v3.1.10 (3.1.10)
) (/usr/share/texlive/texmf-dist/tex/latex/pgf/compatibility/pgfcomp-version-0-65.sty
Package: pgfcomp-version-0-65 2023-01-15 v3.1.10 (3.1.10)
\pgf@nodesepstart=\dimen190
\pgf@nodesepend=\dimen191
) (/usr/share/texlive/texmf-dist/tex/latex/pgf/compatibility/pgfcomp-version-1-18.sty
Package: pgfcomp-version-1-18 2023-01-15 v3.1.10 (3.1.10)
)) (/usr/share/texlive/texmf-dist/tex/latex/tools/verbatim.sty
Package: verbatim 2023-11-06 v1.5v LaTeX2e package for verbatim enhancements
\every@verbatim=\toks31
\verbatim@line=\toks32
\verbatim@in@stream=\read3
) (/usr/share/texlive/texmf-dist/tex/latex/environ/environ.sty
Package: environ 2014/05/04 v0.3 A new way to define environments
 (/usr/share/texlive/texmf-dist/tex/latex/trimspaces/trimspaces.sty
Package: trimspaces 2009/09/17 v1.1 Trim spaces around a token list
)
\@envbody=\toks33
) (/usr/share/texlive/texmf-dist/tex/latex/etoolbox/etoolbox.sty
Package: etoolbox 2020/10/05 v2.5k e-TeX tools for LaTeX (JAW)
\etb@tempcnta=\count277
)
\tcb@titlebox=\box60
\tcb@upperbox=\box61
\tcb@lowerbox=\box62
\tcb@phantombox=\box63
\c@tcbbreakpart=\count278
\c@tcblayer=\count279
\c@tcolorbox@number=\count280
\l__tcobox_tmpa_box=\box64
\l__tcobox_tmpa_dim=\dimen192
\tcb@temp=\box65
\tcb@temp=\box66
\tcb@temp=\box67
\tcb@temp=\box68
) (/usr/share/texlive/texmf-dist/tex/latex/titlesec/titlesec.sty
Package: titlesec 2023/10/27 v2.16 Sectioning titles
\ttl@box=\box69
\beforetitleunit=\skip62
\aftertitleunit=\skip63
\ttl@plus=\dimen193
\ttl@minus=\dimen194
\ttl@toksa=\toks34
\titlewidth=\dimen195
\titlewidthlast=\dimen196
\titlewidthfirst=\dimen197
) (/usr/share/texlive/texmf-dist/tex/latex/amsmath/amsmath.sty
Package: amsmath 2023/05/13 v2.17o AMS math features
\@mathmargin=\skip64

For additional information on amsmath, use the `?' option.
(/usr/share/texlive/texmf-dist/tex/latex/amsmath/amstext.sty
Package: amstext 2021/08/26 v2.01 AMS text
 (/usr/share/texlive/texmf-dist/tex/latex/amsmath/amsgen.sty
File: amsgen.sty 1999/11/30 v2.0 generic functions
\@emptytoks=\toks35
\ex@=\dimen198
)) (/usr/share/texlive/texmf-dist/tex/latex/amsmath/amsbsy.sty
Package: amsbsy 1999/11/29 v1.2d Bold Symbols
\pmbraise@=\dimen199
) (/usr/share/texlive/texmf-dist/tex/latex/amsmath/amsopn.sty
Package: amsopn 2022/04/08 v2.04 operator names
)
\inf@bad=\count281
LaTeX Info: Redefining \frac on input line 234.
\uproot@=\count282
\leftroot@=\count283
LaTeX Info: Redefining \overline on input line 399.
LaTeX Info: Redefining \colon on input line 410.
\classnum@=\count284
\DOTSCASE@=\count285
LaTeX Info: Redefining \ldots on input line 496.
LaTeX Info: Redefining \dots on input line 499.
LaTeX Info: Redefining \cdots on input line 620.
\Mathstrutbox@=\box70
\strutbox@=\box71
LaTeX Info: Redefining \big on input line 722.
LaTeX Info: Redefining \Big on input line 723.
LaTeX Info: Redefining \bigg on input line 724.
LaTeX Info: Redefining \Bigg on input line 725.
\big@size=\dimen256
LaTeX Font Info:    Redeclaring font encoding OML on input line 743.
LaTeX Font Info:    Redeclaring font encoding OMS on input line 744.
\macc@depth=\count286
LaTeX Info: Redefining \bmod on input line 905.
LaTeX Info: Redefining \pmod on input line 910.
LaTeX Info: Redefining \smash on input line 940.
LaTeX Info: Redefining \relbar on input line 970.
LaTeX Info: Redefining \Relbar on input line 971.
\c@MaxMatrixCols=\count287
\dotsspace@=\muskip16
\c@parentequation=\count288
\dspbrk@lvl=\count289
\tag@help=\toks36
\row@=\count290
\column@=\count291
\maxfields@=\count292
\andhelp@=\toks37
\eqnshift@=\dimen257
\alignsep@=\dimen258
\tagshift@=\dimen259
\tagwidth@=\dimen260
\totwidth@=\dimen261
\lineht@=\dimen262
\@envbody=\toks38
\multlinegap=\skip65
\multlinetaggap=\skip66
\mathdisplay@stack=\toks39
LaTeX Info: Redefining \[ on input line 2953.
LaTeX Info: Redefining \] on input line 2954.
) (/usr/share/texlive/texmf-dist/tex/latex/amsfonts/amssymb.sty
Package: amssymb 2013/01/14 v3.01 AMS font symbols
 (/usr/share/texlive/texmf-dist/tex/latex/amsfonts/amsfonts.sty
Package: amsfonts 2013/01/14 v3.01 Basic AMSFonts support
\symAMSa=\mathgroup4
\symAMSb=\mathgroup5
LaTeX Font Info:    Redeclaring math symbol \hbar on input line 98.
LaTeX Font Info:    Overwriting math alphabet `\mathfrak' in version `bold'
(Font)                  U/euf/m/n --> U/euf/b/n on input line 106.
)) (/usr/share/texlive/texmf-dist/tex/latex/amscls/amsthm.sty
Package: amsthm 2020/05/29 v2.20.6
\thm@style=\toks40
\thm@bodyfont=\toks41
\thm@headfont=\toks42
\thm@notefont=\toks43
\thm@headpunct=\toks44
\thm@preskip=\skip67
\thm@postskip=\skip68
\thm@headsep=\skip69
\dth@everypar=\toks45
) (/usr/share/texlive/texmf-dist/tex/latex/pgf/frontendlayer/tikz.sty (/usr/share/texlive/texmf-dist/tex/latex/pgf/utilities/pgffor.sty (/usr/share/texlive/texmf-dist/tex/latex/pgf/utilities/pgfkeys.sty (/usr/share/texlive/texmf-dist/tex/generic/pgf/utilities/pgfkeys.code.tex)) (/usr/share/texlive/texmf-dist/tex/latex/pgf/math/pgfmath.sty (/usr/share/texlive/texmf-dist/tex/generic/pgf/math/pgfmath.code.tex)) (/usr/share/texlive/texmf-dist/tex/generic/pgf/utilities/pgffor.code.tex
Package: pgffor 2023-01-15 v3.1.10 (3.1.10)
\pgffor@iter=\dimen263
\pgffor@skip=\dimen264
\pgffor@stack=\toks46
\pgffor@toks=\toks47
)) (/usr/share/texlive/texmf-dist/tex/generic/pgf/frontendlayer/tikz/tikz.code.tex
Package: tikz 2023-01-15 v3.1.10 (3.1.10)
 (/usr/share/texlive/texmf-dist/tex/generic/pgf/libraries/pgflibraryplothandlers.code.tex
File: pgflibraryplothandlers.code.tex 2023-01-15 v3.1.10 (3.1.10)
\pgf@plot@mark@count=\count293
\pgfplotmarksize=\dimen265
)
\tikz@lastx=\dimen266
\tikz@lasty=\dimen267
\tikz@lastxsaved=\dimen268
\tikz@lastysaved=\dimen269
\tikz@lastmovetox=\dimen270
\tikz@lastmovetoy=\dimen271
\tikzleveldistance=\dimen272
\tikzsiblingdistance=\dimen273
\tikz@figbox=\box72
\tikz@figbox@bg=\box73
\tikz@tempbox=\box74
\tikz@tempbox@bg=\box75
\tikztreelevel=\count294
\tikznumberofchildren=\count295
\tikznumberofcurrentchild=\count296
\tikz@fig@count=\count297
 (/usr/share/texlive/texmf-dist/tex/generic/pgf/modules/pgfmodulematrix.code.tex
File: pgfmodulematrix.code.tex 2023-01-15 v3.1.10 (3.1.10)
\pgfmatrixcurrentrow=\count298
\pgfmatrixcurrentcolumn=\count299
\pgf@matrix@numberofcolumns=\count300
)
\tikz@expandcount=\count301
 (/usr/share/texlive/texmf-dist/tex/generic/pgf/frontendlayer/tikz/libraries/tikzlibrarytopaths.code.tex
File: tikzlibrarytopaths.code.tex 2023-01-15 v3.1.10 (3.1.10)
))) (/usr/share/texlive/texmf-dist/tex/latex/lipsum/lipsum.sty (/usr/share/texlive/texmf-dist/tex/latex/l3packages/l3keys2e/l3keys2e.sty (/usr/share/texlive/texmf-dist/tex/latex/l3kernel/expl3.sty
Package: expl3 2024-01-22 L3 programming layer (loader) 
 (/usr/share/texlive/texmf-dist/tex/latex/l3backend/l3backend-pdftex.def
File: l3backend-pdftex.def 2024-01-04 L3 backend support: PDF output (pdfTeX)
\l__color_backend_stack_int=\count302
\l__pdf_internal_box=\box76
))
Package: l3keys2e 2023-10-10 LaTeX2e option processing using LaTeX3 keys
)
Package: lipsum 2021-09-20 v2.7 150 paragraphs of Lorem Ipsum dummy text
\g__lipsum_par_int=\count303
\l__lipsum_a_int=\count304
\l__lipsum_b_int=\count305
 (/usr/share/texlive/texmf-dist/tex/latex/lipsum/lipsum.ltd.tex)) (/usr/share/texlive/texmf-dist/tex/latex/enumitem/enumitem.sty
Package: enumitem 2019/06/20 v3.9 Customized lists
\labelindent=\skip70
\enit@outerparindent=\dimen274
\enit@toks=\toks48
\enit@inbox=\box77
\enit@count@id=\count306
\enitdp@description=\count307
) (/usr/share/texlive/texmf-dist/tex/latex/hyperref/hyperref.sty
Package: hyperref 2024-01-20 v7.01h Hypertext links for LaTeX
 (/usr/share/texlive/texmf-dist/tex/latex/kvsetkeys/kvsetkeys.sty
Package: kvsetkeys 2022-10-05 v1.19 Key value parser (HO)
) (/usr/share/texlive/texmf-dist/tex/generic/kvdefinekeys/kvdefinekeys.sty
Package: kvdefinekeys 2019-12-19 v1.6 Define keys (HO)
) (/usr/share/texlive/texmf-dist/tex/generic/pdfescape/pdfescape.sty
Package: pdfescape 2019/12/09 v1.15 Implements pdfTeX's escape features (HO)
 (/usr/share/texlive/texmf-dist/tex/generic/ltxcmds/ltxcmds.sty
Package: ltxcmds 2023-12-04 v1.26 LaTeX kernel commands for general use (HO)
) (/usr/share/texlive/texmf-dist/tex/generic/pdftexcmds/pdftexcmds.sty
Package: pdftexcmds 2020-06-27 v0.33 Utility functions of pdfTeX for LuaTeX (HO)
 (/usr/share/texlive/texmf-dist/tex/generic/infwarerr/infwarerr.sty
Package: infwarerr 2019/12/03 v1.5 Providing info/warning/error messages (HO)
)
Package pdftexcmds Info: \pdf@primitive is available.
Package pdftexcmds Info: \pdf@ifprimitive is available.
Package pdftexcmds Info: \pdfdraftmode found.
)) (/usr/share/texlive/texmf-dist/tex/latex/hycolor/hycolor.sty
Package: hycolor 2020-01-27 v1.10 Color options for hyperref/bookmark (HO)
) (/usr/share/texlive/texmf-dist/tex/latex/auxhook/auxhook.sty
Package: auxhook 2019-12-17 v1.6 Hooks for auxiliary files (HO)
) (/usr/share/texlive/texmf-dist/tex/latex/hyperref/nameref.sty
Package: nameref 2023-11-26 v2.56 Cross-referencing by name of section
 (/usr/share/texlive/texmf-dist/tex/latex/refcount/refcount.sty
Package: refcount 2019/12/15 v3.6 Data extraction from label references (HO)
) (/usr/share/texlive/texmf-dist/tex/generic/gettitlestring/gettitlestring.sty
Package: gettitlestring 2019/12/15 v1.6 Cleanup title references (HO)
 (/usr/share/texlive/texmf-dist/tex/latex/kvoptions/kvoptions.sty
Package: kvoptions 2022-06-15 v3.15 Key value format for package options (HO)
))
\c@section@level=\count308
)
\@linkdim=\dimen275
\Hy@linkcounter=\count309
\Hy@pagecounter=\count310
 (/usr/share/texlive/texmf-dist/tex/latex/hyperref/pd1enc.def
File: pd1enc.def 2024-01-20 v7.01h Hyperref: PDFDocEncoding definition (HO)
Now handling font encoding PD1 ...
... no UTF-8 mapping file for font encoding PD1
) (/usr/share/texlive/texmf-dist/tex/generic/intcalc/intcalc.sty
Package: intcalc 2019/12/15 v1.3 Expandable calculations with integers (HO)
)
\Hy@SavedSpaceFactor=\count311
 (/usr/share/texlive/texmf-dist/tex/latex/hyperref/puenc.def
File: puenc.def 2024-01-20 v7.01h Hyperref: PDF Unicode definition (HO)
Now handling font encoding PU ...
... no UTF-8 mapping file for font encoding PU
)
Package hyperref Info: Hyper figures OFF on input line 4179.
Package hyperref Info: Link nesting OFF on input line 4184.
Package hyperref Info: Hyper index ON on input line 4187.
Package hyperref Info: Plain pages OFF on input line 4194.
Package hyperref Info: Backreferencing OFF on input line 4199.
Package hyperref Info: Implicit mode ON; LaTeX internals redefined.
Package hyperref Info: Bookmarks ON on input line 4446.
\c@Hy@tempcnt=\count312
 (/usr/share/texlive/texmf-dist/tex/latex/url/url.sty
\Urlmuskip=\muskip17
Package: url 2013/09/16  ver 3.4  Verb mode for urls, etc.
)
LaTeX Info: Redefining \url on input line 4784.
\XeTeXLinkMargin=\dimen276
 (/usr/share/texlive/texmf-dist/tex/generic/bitset/bitset.sty
Package: bitset 2019/12/09 v1.3 Handle bit-vector datatype (HO)
 (/usr/share/texlive/texmf-dist/tex/generic/bigintcalc/bigintcalc.sty
Package: bigintcalc 2019/12/15 v1.5 Expandable calculations on big integers (HO)
))
\Fld@menulength=\count313
\Field@Width=\dimen277
\Fld@charsize=\dimen278
Package hyperref Info: Hyper figures OFF on input line 6063.
Package hyperref Info: Link nesting OFF on input line 6068.
Package hyperref Info: Hyper index ON on input line 6071.
Package hyperref Info: backreferencing OFF on input line 6078.
Package hyperref Info: Link coloring OFF on input line 6083.
Package hyperref Info: Link coloring with OCG OFF on input line 6088.
Package hyperref Info: PDF/A mode OFF on input line 6093.
 (/usr/share/texlive/texmf-dist/tex/latex/base/atbegshi-ltx.sty
Package: atbegshi-ltx 2021/01/10 v1.0c Emulation of the original atbegshi
package with kernel methods
)
\Hy@abspage=\count314
\c@Item=\count315
\c@Hfootnote=\count316
)
Package hyperref Info: Driver (autodetected): hpdftex.
 (/usr/share/texlive/texmf-dist/tex/latex/hyperref/hpdftex.def
File: hpdftex.def 2024-01-20 v7.01h Hyperref driver for pdfTeX
 (/usr/share/texlive/texmf-dist/tex/latex/base/atveryend-ltx.sty
Package: atveryend-ltx 2020/08/19 v1.0a Emulation of the original atveryend package
with kernel methods
)
\Fld@listcount=\count317
\c@bookmark@seq@number=\count318
 (/usr/share/texlive/texmf-dist/tex/latex/rerunfilecheck/rerunfilecheck.sty
Package: rerunfilecheck 2022-07-10 v1.10 Rerun checks for auxiliary files (HO)
 (/usr/share/texlive/texmf-dist/tex/generic/uniquecounter/uniquecounter.sty
Package: uniquecounter 2019/12/15 v1.4 Provide unlimited unique counter (HO)
)
Package uniquecounter Info: New unique counter `rerunfilecheck' on input line 285.
)
\Hy@SectionHShift=\skip71
) (/usr/share/texlive/texmf-dist/tex/latex/base/ifthen.sty
Package: ifthen 2022/04/13 v1.1d Standard LaTeX ifthen package (DPC)
) (/usr/share/texlive/texmf-dist/tex/latex/grffile/grffile.sty
Package: grffile 2019/11/11 v2.1 Extended file name support for graphics (legacy)
Package grffile Info: This package is an empty stub for compatibility on input line 40.
) (/usr/share/texlive/texmf-dist/tex/latex/psnfss/pifont.sty
Package: pifont 2020/03/25 PSNFSS-v9.3 Pi font support (SPQR) 
LaTeX Font Info:    Trying to load font information for U+pzd on input line 63.
 (/usr/share/texlive/texmf-dist/tex/latex/psnfss/upzd.fd
File: upzd.fd 2001/06/04 font definitions for U/pzd.
)
LaTeX Font Info:    Trying to load font information for U+psy on input line 64.
 (/usr/share/texlive/texmf-dist/tex/latex/psnfss/upsy.fd
File: upsy.fd 2001/06/04 font definitions for U/psy.
)) (/usr/share/texlive/texmf-dist/tex/latex/listings/listings.sty
\lst@mode=\count319
\lst@gtempboxa=\box78
\lst@token=\toks49
\lst@length=\count320
\lst@currlwidth=\dimen279
\lst@column=\count321
\lst@pos=\count322
\lst@lostspace=\dimen280
\lst@width=\dimen281
\lst@newlines=\count323
\lst@lineno=\count324
\lst@maxwidth=\dimen282
 (/usr/share/texlive/texmf-dist/tex/latex/listings/lstmisc.sty
File: lstmisc.sty 2023/02/27 1.9 (Carsten Heinz)
\c@lstnumber=\count325
\lst@skipnumbers=\count326
\lst@framebox=\box79
) (/usr/share/texlive/texmf-dist/tex/latex/listings/listings.cfg
File: listings.cfg 2023/02/27 1.9 listings configuration
))
Package: listings 2023/02/27 1.9 (Carsten Heinz)
 (/usr/share/texlive/texmf-dist/tex/latex/wasysym/wasysym.sty
Package: wasysym 2020/01/19 v2.4 Wasy-2 symbol support package
\symwasy=\mathgroup6
LaTeX Font Info:    Overwriting symbol font `wasy' in version `bold'
(Font)                  U/wasy/m/n --> U/wasy/b/n on input line 93.
) (/usr/share/texlive/texmf-dist/tex/latex/cleveref/cleveref.sty
Package: cleveref 2018/03/27 v0.21.4 Intelligent cross-referencing
Package cleveref Info: `hyperref' support loaded on input line 2370.
LaTeX Info: Redefining \cref on input line 2370.
LaTeX Info: Redefining \Cref on input line 2370.
LaTeX Info: Redefining \crefrange on input line 2370.
LaTeX Info: Redefining \Crefrange on input line 2370.
LaTeX Info: Redefining \cpageref on input line 2370.
LaTeX Info: Redefining \Cpageref on input line 2370.
LaTeX Info: Redefining \cpagerefrange on input line 2370.
LaTeX Info: Redefining \Cpagerefrange on input line 2370.
LaTeX Info: Redefining \labelcref on input line 2370.
LaTeX Info: Redefining \labelcpageref on input line 2370.
Package cleveref Info: `amsthm' support loaded on input line 3026.
Package cleveref Info: `listings' support loaded on input line 3131.
) (/usr/share/texlive/texmf-dist/tex/latex/float/float.sty
Package: float 2001/11/08 v1.3d Float enhancements (AL)
\c@float@type=\count327
\float@exts=\toks50
\float@box=\box80
\@float@everytoks=\toks51
\@floatcapt=\box81
) (/usr/share/texlive/texmf-dist/tex/generic/xstring/xstring.sty (/usr/share/texlive/texmf-dist/tex/generic/xstring/xstring.tex
\xs_counta=\count328
\xs_countb=\count329
)
Package: xstring 2023/08/22 v1.86 String manipulations (CT)
) (/usr/share/texlive/texmf-dist/tex/latex/titlesec/titletoc.sty
Package: titletoc 2023/10/27 v2.16 TOC entries
\ttl@leftsep=\dimen283
) (/usr/share/texlive/texmf-dist/tex/latex/eso-pic/eso-pic.sty
Package: eso-pic 2023/05/03 v3.0c eso-pic (RN)
\ESO@tempdima=\dimen284
\ESO@tempdimb=\dimen285
) (/usr/share/texlive/texmf-dist/tex/latex/caption/subcaption.sty
Package: subcaption 2023/07/28 v1.6b Sub-captions (AR)
 (/usr/share/texlive/texmf-dist/tex/latex/caption/caption.sty
Package: caption 2023/08/05 v3.6o Customizing captions (AR)
 (/usr/share/texlive/texmf-dist/tex/latex/caption/caption3.sty
Package: caption3 2023/07/31 v2.4d caption3 kernel (AR)
\caption@tempdima=\dimen286
\captionmargin=\dimen287
\caption@leftmargin=\dimen288
\caption@rightmargin=\dimen289
\caption@width=\dimen290
\caption@indent=\dimen291
\caption@parindent=\dimen292
\caption@hangindent=\dimen293
Package caption Info: Standard document class detected.
)
\c@caption@flags=\count330
\c@continuedfloat=\count331
Package caption Info: float package is loaded.
Package caption Info: hyperref package is loaded.
Package caption Info: listings package is loaded.
)
Package caption Info: New subtype `subfigure' on input line 238.
\c@subfigure=\count332
Package caption Info: New subtype `subtable' on input line 238.
\c@subtable=\count333
) (/usr/share/texlive/texmf-dist/tex/latex/booktabs/booktabs.sty
Package: booktabs 2020/01/12 v1.61803398 Publication quality tables
\heavyrulewidth=\dimen294
\lightrulewidth=\dimen295
\cmidrulewidth=\dimen296
\belowrulesep=\dimen297
\belowbottomsep=\dimen298
\aboverulesep=\dimen299
\abovetopsep=\dimen300
\cmidrulesep=\dimen301
\cmidrulekern=\dimen302
\defaultaddspace=\dimen303
\@cmidla=\count334
\@cmidlb=\count335
\@aboverulesep=\dimen304
\@belowrulesep=\dimen305
\@thisruleclass=\count336
\@lastruleclass=\count337
\@thisrulewidth=\dimen306
) (/usr/share/texlive/texmf-dist/tex/latex/adjustbox/adjustbox.sty
Package: adjustbox 2022/10/17 v1.3a Adjusting TeX boxes (trim, clip, ...)
 (/usr/share/texlive/texmf-dist/tex/latex/xkeyval/xkeyval.sty
Package: xkeyval 2022/06/16 v2.9 package option processing (HA)
 (/usr/share/texlive/texmf-dist/tex/generic/xkeyval/xkeyval.tex (/usr/share/texlive/texmf-dist/tex/generic/xkeyval/xkvutils.tex
\XKV@toks=\toks52
\XKV@tempa@toks=\toks53
)
\XKV@depth=\count338
File: xkeyval.tex 2014/12/03 v2.7a key=value parser (HA)
)) (/usr/share/texlive/texmf-dist/tex/latex/adjustbox/adjcalc.sty
Package: adjcalc 2012/05/16 v1.1 Provides advanced setlength with multiple back-ends (calc, etex, pgfmath)
) (/usr/share/texlive/texmf-dist/tex/latex/adjustbox/trimclip.sty
Package: trimclip 2020/08/19 v1.2 Trim and clip general TeX material
 (/usr/share/texlive/texmf-dist/tex/latex/collectbox/collectbox.sty
Package: collectbox 2022/10/17 v0.4c Collect macro arguments as boxes
\collectedbox=\box82
)
\tc@llx=\dimen307
\tc@lly=\dimen308
\tc@urx=\dimen309
\tc@ury=\dimen310
Package trimclip Info: Using driver 'tc-pdftex.def'.
 (/usr/share/texlive/texmf-dist/tex/latex/adjustbox/tc-pdftex.def
File: tc-pdftex.def 2019/01/04 v2.2 Clipping driver for pdftex
))
\adjbox@Width=\dimen311
\adjbox@Height=\dimen312
\adjbox@Depth=\dimen313
\adjbox@Totalheight=\dimen314
\adjbox@pwidth=\dimen315
\adjbox@pheight=\dimen316
\adjbox@pdepth=\dimen317
\adjbox@ptotalheight=\dimen318
 (/usr/share/texlive/texmf-dist/tex/latex/ifoddpage/ifoddpage.sty
Package: ifoddpage 2022/10/18 v1.2 Conditionals for odd/even page detection
\c@checkoddpage=\count339
) (/usr/share/texlive/texmf-dist/tex/latex/varwidth/varwidth.sty
Package: varwidth 2009/03/30 ver 0.92;  Variable-width minipages
\@vwid@box=\box83
\sift@deathcycles=\count340
\@vwid@loff=\dimen319
\@vwid@roff=\dimen320
)) (/usr/share/texlive/texmf-dist/tex/latex/tikz-timing/tikz-timing.sty
Package: tikz-timing 2017/12/20 v0.7f Digital Timing Diagrams using TikZ
 (/usr/share/texlive/texmf-dist/tex/generic/pgf/frontendlayer/tikz/libraries/tikzlibrarycalc.code.tex
File: tikzlibrarycalc.code.tex 2023-01-15 v3.1.10 (3.1.10)
) (/usr/share/texlive/texmf-dist/tex/generic/pgf/frontendlayer/tikz/libraries/tikzlibrarybackgrounds.code.tex
File: tikzlibrarybackgrounds.code.tex 2023-01-15 v3.1.10 (3.1.10)
\pgf@layerbox@background=\box84
\pgf@layerboxsaved@background=\box85
) (/usr/share/texlive/texmf-dist/tex/generic/pgf/frontendlayer/tikz/libraries/tikzlibrarydecorations.pathmorphing.code.tex (/usr/share/texlive/texmf-dist/tex/generic/pgf/frontendlayer/tikz/libraries/tikzlibrarydecorations.code.tex (/usr/share/texlive/texmf-dist/tex/generic/pgf/modules/pgfmoduledecorations.code.tex
\pgfdecoratedcompleteddistance=\dimen321
\pgfdecoratedremainingdistance=\dimen322
\pgfdecoratedinputsegmentcompleteddistance=\dimen323
\pgfdecoratedinputsegmentremainingdistance=\dimen324
\pgf@decorate@distancetomove=\dimen325
\pgf@decorate@repeatstate=\count341
\pgfdecorationsegmentamplitude=\dimen326
\pgfdecorationsegmentlength=\dimen327
)
\tikz@lib@dec@box=\box86
) (/usr/share/texlive/texmf-dist/tex/generic/pgf/libraries/decorations/pgflibrarydecorations.pathmorphing.code.tex))
\tikztiming@numint=\count342
\tikztiming@numfrac=\count343
\tikztiming@xunit=\skip72
\tikztiming@yunit=\skip73
\tikztiming@debug=\count344
\c@tikztiming@nrows=\count345
\c@tikztimingrows=\count346
\c@tikztimingtrans=\count347
\c@tikztimingtranspos=\count348
) (/usr/share/texlive/texmf-dist/tex/generic/pgf/frontendlayer/tikz/libraries/tikzlibraryautomata.code.tex
File: tikzlibraryautomata.code.tex 2023-01-15 v3.1.10 (3.1.10)
 (/usr/share/texlive/texmf-dist/tex/generic/pgf/frontendlayer/tikz/libraries/tikzlibraryshapes.multipart.code.tex
File: tikzlibraryshapes.multipart.code.tex 2023-01-15 v3.1.10 (3.1.10)
 (/usr/share/texlive/texmf-dist/tex/generic/pgf/libraries/shapes/pgflibraryshapes.multipart.code.tex
File: pgflibraryshapes.multipart.code.tex 2023-01-15 v3.1.10 (3.1.10)
\pgfnodepartlowerbox=\box87
\pgfnodeparttwobox=\box88
\pgfnodepartthreebox=\box89
\pgfnodepartfourbox=\box90
\pgfnodeparttwentybox=\box91
\pgfnodepartnineteenbox=\box92
\pgfnodeparteighteenbox=\box93
\pgfnodepartseventeenbox=\box94
\pgfnodepartsixteenbox=\box95
\pgfnodepartfifteenbox=\box96
\pgfnodepartfourteenbox=\box97
\pgfnodepartthirteenbox=\box98
\pgfnodeparttwelvebox=\box99
\pgfnodepartelevenbox=\box100
\pgfnodeparttenbox=\box101
\pgfnodepartninebox=\box102
\pgfnodeparteightbox=\box103
\pgfnodepartsevenbox=\box104
\pgfnodepartsixbox=\box105
\pgfnodepartfivebox=\box106
))) (/usr/share/texlive/texmf-dist/tex/generic/pgf/frontendlayer/tikz/libraries/tikzlibrarypositioning.code.tex
File: tikzlibrarypositioning.code.tex 2023-01-15 v3.1.10 (3.1.10)
) (/usr/share/texlive/texmf-dist/tex/generic/pgf/frontendlayer/tikz/libraries/tikzlibraryarrows.code.tex
File: tikzlibraryarrows.code.tex 2023-01-15 v3.1.10 (3.1.10)
 (/usr/share/texlive/texmf-dist/tex/generic/pgf/libraries/pgflibraryarrows.code.tex
File: pgflibraryarrows.code.tex 2023-01-15 v3.1.10 (3.1.10)
\arrowsize=\dimen328
)) (/usr/share/texlive/texmf-dist/tex/latex/tcolorbox/tcblistingsutf8.code.tex
Library (tcolorbox): 'tcblistingsutf8.code.tex' version '6.2.0'
(/usr/share/texlive/texmf-dist/tex/latex/tcolorbox/tcblistings.code.tex
Library (tcolorbox): 'tcblistings.code.tex' version '6.2.0'
(/usr/share/texlive/texmf-dist/tex/latex/tcolorbox/tcblistingscore.code.tex
Library (tcolorbox): 'tcblistingscore.code.tex' version '6.2.0'
(/usr/share/texlive/texmf-dist/tex/latex/tcolorbox/tcbprocessing.code.tex
Library (tcolorbox): 'tcbprocessing.code.tex' version '6.2.0'
)
\c@tcblisting=\count349
)) (/usr/share/texlive/texmf-dist/tex/latex/listingsutf8/listingsutf8.sty
Package: listingsutf8 2019-12-10 v1.5 Allow UTF-8 in listings input (HO)
 (/usr/share/texlive/texmf-dist/tex/generic/stringenc/stringenc.sty
Package: stringenc 2019/11/29 v1.12 Convert strings between diff. encodings (HO)
))) (/usr/share/texlive/texmf-dist/tex/latex/tcolorbox/tcbbreakable.code.tex
Library (tcolorbox): 'tcbbreakable.code.tex' version '6.2.0'
(/usr/share/texlive/texmf-dist/tex/latex/pdfcol/pdfcol.sty
Package: pdfcol 2022-09-21 v1.7 Handle new color stacks for pdfTeX (HO)
)
Package pdfcol Info: New color stack `tcb@breakable' = 1 on input line 23.
\tcb@testbox=\box107
\tcb@totalupperbox=\box108
\tcb@totallowerbox=\box109
) (/usr/share/texlive/texmf-dist/tex/latex/tcolorbox/tcbskins.code.tex
Library (tcolorbox): 'tcbskins.code.tex' version '6.2.0'
(/usr/share/texlive/texmf-dist/tex/latex/tikzfill/tikzfill.image.sty
Package: tikzfill.image 2023/08/08 v1.0.1 Image filling library for TikZ
 (/usr/share/texlive/texmf-dist/tex/latex/tikzfill/tikzfill-common.sty
Package: tikzfill-common 2023/08/08 v1.0.1 Auxiliary code for tikzfill
) (/usr/share/texlive/texmf-dist/tex/latex/tikzfill/tikzlibraryfill.image.code.tex
File: tikzlibraryfill.image.code.tex 2023/08/08 v1.0.1 Image filling library
\l__tikzfill_img_box=\box110
)) (/usr/share/texlive/texmf-dist/tex/latex/tcolorbox/tcbskinsjigsaw.code.tex
Library (tcolorbox): 'tcbskinsjigsaw.code.tex' version '6.2.0'
))
Package hyperref Info: Option `colorlinks' set `true' on input line 41.
) (/home/max/texmf/tex/latex/common/styles.tex) (/home/max/texmf/tex/latex/common/commands.tex) (./preamble/localpackages.tex) (./preamble/localstyles.tex) (./preamble/localcommands.tex) (./main.aux (./sections/01_foundation_security.aux) (./sections/02_image_processing.aux

LaTeX Warning: Label `subsec:Section-Summary' multiply defined.


LaTeX Warning: Label `subsec:Section-Summary@cref' multiply defined.

) (./sections/03_web_server_ssl_systemd.aux

LaTeX Warning: Label `subsec:Overview' multiply defined.


LaTeX Warning: Label `subsec:Overview@cref' multiply defined.


LaTeX Warning: Label `subsec:Section-Summary' multiply defined.


LaTeX Warning: Label `subsec:Section-Summary@cref' multiply defined.

) (./sections/04_rest_api_swagger.aux

LaTeX Warning: Label `subsec:Overview' multiply defined.


LaTeX Warning: Label `subsec:Overview@cref' multiply defined.


LaTeX Warning: Label `a:Analysis' multiply defined.


LaTeX Warning: Label `a:Analysis@cref' multiply defined.


LaTeX Warning: Label `a:Analysis' multiply defined.


LaTeX Warning: Label `a:Analysis@cref' multiply defined.


LaTeX Warning: Label `a:Analysis' multiply defined.


LaTeX Warning: Label `a:Analysis@cref' multiply defined.


LaTeX Warning: Label `subsec:Section-Summary' multiply defined.


LaTeX Warning: Label `subsec:Section-Summary@cref' multiply defined.

) (./sections/05_mqtt_email.aux

LaTeX Warning: Label `subsec:Overview' multiply defined.


LaTeX Warning: Label `subsec:Overview@cref' multiply defined.


LaTeX Warning: Label `subsec:Section-Summary' multiply defined.


LaTeX Warning: Label `subsec:Section-Summary@cref' multiply defined.

) (./sections/06_advanced_features.aux

LaTeX Warning: Label `subsec:Overview' multiply defined.


LaTeX Warning: Label `subsec:Overview@cref' multiply defined.


LaTeX Warning: Label `subsec:Section-Summary' multiply defined.


LaTeX Warning: Label `subsec:Section-Summary@cref' multiply defined.

))
\openout1 = `main.aux'.

LaTeX Font Info:    Checking defaults for OML/cmm/m/it on input line 16.
LaTeX Font Info:    ... okay on input line 16.
LaTeX Font Info:    Checking defaults for OMS/cmsy/m/n on input line 16.
LaTeX Font Info:    ... okay on input line 16.
LaTeX Font Info:    Checking defaults for OT1/cmr/m/n on input line 16.
LaTeX Font Info:    ... okay on input line 16.
LaTeX Font Info:    Checking defaults for T1/cmr/m/n on input line 16.
LaTeX Font Info:    ... okay on input line 16.
LaTeX Font Info:    Checking defaults for TS1/cmr/m/n on input line 16.
LaTeX Font Info:    ... okay on input line 16.
LaTeX Font Info:    Checking defaults for OMX/cmex/m/n on input line 16.
LaTeX Font Info:    ... okay on input line 16.
LaTeX Font Info:    Checking defaults for U/cmr/m/n on input line 16.
LaTeX Font Info:    ... okay on input line 16.
LaTeX Font Info:    Checking defaults for PD1/pdf/m/n on input line 16.
LaTeX Font Info:    ... okay on input line 16.
LaTeX Font Info:    Checking defaults for PU/pdf/m/n on input line 16.
LaTeX Font Info:    ... okay on input line 16.

*geometry* driver: auto-detecting
*geometry* detected driver: pdftex
*geometry* verbose mode - [ preamble ] result:
* driver: pdftex
* paper: a4paper
* layout: <same size as paper>
* layoutoffset:(h,v)=(0.0pt,0.0pt)
* modes: 
* h-part:(L,W,R)=(72.26999pt, 452.9679pt, 72.26999pt)
* v-part:(T,H,B)=(72.26999pt, 700.50687pt, 72.26999pt)
* \paperwidth=597.50787pt
* \paperheight=845.04684pt
* \textwidth=452.9679pt
* \textheight=700.50687pt
* \oddsidemargin=0.0pt
* \evensidemargin=0.0pt
* \topmargin=-37.0pt
* \headheight=12.0pt
* \headsep=25.0pt
* \topskip=12.0pt
* \footskip=30.0pt
* \marginparwidth=35.0pt
* \marginparsep=10.0pt
* \columnsep=10.0pt
* \skip\footins=10.8pt plus 4.0pt minus 2.0pt
* \hoffset=0.0pt
* \voffset=0.0pt
* \mag=1000
* \@twocolumnfalse
* \@twosidefalse
* \@mparswitchfalse
* \@reversemarginfalse
* (1in=72.27pt=25.4mm, 1cm=28.453pt)

(/usr/share/texlive/texmf-dist/tex/context/base/mkii/supp-pdf.mkii
[Loading MPS to PDF converter (version 2006.09.02).]
\scratchcounter=\count350
\scratchdimen=\dimen329
\scratchbox=\box111
\nofMPsegments=\count351
\nofMParguments=\count352
\everyMPshowfont=\toks54
\MPscratchCnt=\count353
\MPscratchDim=\dimen330
\MPnumerator=\count354
\makeMPintoPDFobject=\count355
\everyMPtoPDFconversion=\toks55
) (/usr/share/texlive/texmf-dist/tex/latex/epstopdf-pkg/epstopdf-base.sty
Package: epstopdf-base 2020-01-24 v2.11 Base part for package epstopdf
Package epstopdf-base Info: Redefining graphics rule for `.eps' on input line 485.
 (/usr/share/texlive/texmf-dist/tex/latex/latexconfig/epstopdf-sys.cfg
File: epstopdf-sys.cfg 2010/07/13 v1.3 Configuration of (r)epstopdf for TeX Live
))
Package hyperref Info: Link coloring ON on input line 16.
 (./main.out) (./main.out)
\@outlinefile=\write4
\openout4 = `main.out'.

\c@lstlisting=\count356
Package caption Info: Begin \AtBeginDocument code.
Package caption Info: End \AtBeginDocument code.
 (/usr/share/texlive/texmf-dist/tex/latex/base/inputenc.sty
Package: inputenc 2021/02/14 v1.3d Input encoding file
\inpenc@prehook=\toks56
\inpenc@posthook=\toks57
) (./sections/titlepage.tex
<university_logo.png, id=350, 113.97581pt x 113.97581pt>
File: university_logo.png Graphic file (type png)
<use university_logo.png>
Package pdftex.def Info: university_logo.png  used on input line 6.
(pdftex.def)             Requested size: 113.81102pt x 113.81725pt.
LaTeX Font Info:    Trying to load font information for U+msa on input line 45.
 (/usr/share/texlive/texmf-dist/tex/latex/amsfonts/umsa.fd
File: umsa.fd 2013/01/14 v3.01 AMS symbols A
)
LaTeX Font Info:    Trying to load font information for U+msb on input line 45.
 (/usr/share/texlive/texmf-dist/tex/latex/amsfonts/umsb.fd
File: umsb.fd 2013/01/14 v3.01 AMS symbols B
)
LaTeX Font Info:    Trying to load font information for U+wasy on input line 45.
 (/usr/share/texlive/texmf-dist/tex/latex/wasysym/uwasy.fd
File: uwasy.fd 2020/01/19 v2.4 Wasy-2 symbol font definitions
) [1

{/var/lib/texmf/fonts/map/pdftex/updmap/pdftex.map} <./university_logo.png>]) (./main.toc

Package fancyhdr Warning: \headheight is too small (12.0pt): 
(fancyhdr)                Make it at least 27.08337pt, for example:
(fancyhdr)                \setlength{\headheight}{27.08337pt}.
(fancyhdr)                You might also make \topmargin smaller to compensate:
(fancyhdr)                \addtolength{\topmargin}{-15.08337pt}.


pdfTeX warning (ext4): destination with the same identifier (name{page.1}) has been already used, duplicate ignored
<to be read again> 
                   \relax 
l.33 ...: HTTP to HTTPS Redirect}{22}{section*.64}
                                                  % [1]

Package fancyhdr Warning: \headheight is too small (12.0pt): 
(fancyhdr)                Make it at least 27.08337pt, for example:
(fancyhdr)                \setlength{\headheight}{27.08337pt}.
(fancyhdr)                You might also make \topmargin smaller to compensate:
(fancyhdr)                \addtolength{\topmargin}{-15.08337pt}.

[2])
\tf@toc=\write5
\openout5 = `main.toc'.



Package fancyhdr Warning: \headheight is too small (12.0pt): 
(fancyhdr)                Make it at least 27.08337pt, for example:
(fancyhdr)                \setlength{\headheight}{27.08337pt}.
(fancyhdr)                You might also make \topmargin smaller to compensate:
(fancyhdr)                \addtolength{\topmargin}{-15.08337pt}.

[3]
\openout2 = `sections/01_foundation_security.aux'.

 (./sections/01_foundation_security.tex

Package hyperref Warning: Suppressing empty link on input line 24.

LaTeX Font Info:    Font shape `OT1/cmtt/bx/n' in size <12> not available
(Font)              Font shape `OT1/cmtt/m/n' tried instead on input line 43.

LaTeX Warning: Reference `app:code-listings' on page 4 undefined on input line 57.

(/usr/share/texlive/texmf-dist/tex/latex/listings/lstlang1.sty
File: lstlang1.sty 2023/02/27 1.9 listings language file
) (/usr/share/texlive/texmf-dist/tex/latex/listings/lstmisc.sty
File: lstmisc.sty 2023/02/27 1.9 (Carsten Heinz)
) (/usr/share/texlive/texmf-dist/tex/latex/listings/lstlang1.sty
File: lstlang1.sty 2023/02/27 1.9 listings language file
) (/usr/share/texlive/texmf-dist/tex/latex/listings/lstlang1.sty
File: lstlang1.sty 2023/02/27 1.9 listings language file
)
Package hyperref Info: bookmark level for unknown lstlisting defaults to 0 on input line 59.


Package fancyhdr Warning: \headheight is too small (12.0pt): 
(fancyhdr)                Make it at least 27.08337pt, for example:
(fancyhdr)                \setlength{\headheight}{27.08337pt}.
(fancyhdr)                You might also make \topmargin smaller to compensate:
(fancyhdr)                \addtolength{\topmargin}{-15.08337pt}.

[4

{/usr/share/texmf/fonts/enc/dvips/cm-super/cm-super-ts1.enc}]
LaTeX Font Info:    Font shape `OT1/cmtt/bx/n' in size <10> not available
(Font)              Font shape `OT1/cmtt/m/n' tried instead on input line 63.
LaTeX Font Info:    Trying to load font information for TS1+cmtt on input line 63.
 (/usr/share/texlive/texmf-dist/tex/latex/base/ts1cmtt.fd
File: ts1cmtt.fd 2023/04/13 v2.5m Standard LaTeX font definitions
)
<../../1.Foundation & Security/results/fig/orangepi_setup.png, id=476, 1098.1025pt x 890.32625pt>
File: ../../1.Foundation & Security/results/fig/orangepi_setup.png Graphic file (type png)
<use ../../1.Foundation & Security/results/fig/orangepi_setup.png>
Package pdftex.def Info: ../../1.Foundation & Security/results/fig/orangepi_setup.png  used on input line 85.
(pdftex.def)             Requested size: 385.02547pt x 312.16226pt.


Package fancyhdr Warning: \headheight is too small (12.0pt): 
(fancyhdr)                Make it at least 27.08337pt, for example:
(fancyhdr)                \setlength{\headheight}{27.08337pt}.
(fancyhdr)                You might also make \topmargin smaller to compensate:
(fancyhdr)                \addtolength{\topmargin}{-15.08337pt}.

[5 <../../1.Foundation & Security/results/fig/orangepi_setup.png>]
<../../1.Foundation & Security/results/fig/client_setup.png, id=500, 850.17625pt x 683.55376pt>
File: ../../1.Foundation & Security/results/fig/client_setup.png Graphic file (type png)
<use ../../1.Foundation & Security/results/fig/client_setup.png>
Package pdftex.def Info: ../../1.Foundation & Security/results/fig/client_setup.png  used on input line 99.
(pdftex.def)             Requested size: 385.02547pt x 309.56766pt.
<../../1.Foundation & Security/results/fig/orangepi_secret.png, id=503, 505.89pt x 127.47626pt>
File: ../../1.Foundation & Security/results/fig/orangepi_secret.png Graphic file (type png)
<use ../../1.Foundation & Security/results/fig/orangepi_secret.png>
Package pdftex.def Info: ../../1.Foundation & Security/results/fig/orangepi_secret.png  used on input line 115.
(pdftex.def)             Requested size: 385.02547pt x 97.02106pt.


Package fancyhdr Warning: \headheight is too small (12.0pt): 
(fancyhdr)                Make it at least 27.08337pt, for example:
(fancyhdr)                \setlength{\headheight}{27.08337pt}.
(fancyhdr)                You might also make \topmargin smaller to compensate:
(fancyhdr)                \addtolength{\topmargin}{-15.08337pt}.

[6 <../../1.Foundation & Security/results/fig/client_setup.png>]
<../../1.Foundation & Security/results/fig/client_secret.png, id=513, 845.1575pt x 281.05pt>
File: ../../1.Foundation & Security/results/fig/client_secret.png Graphic file (type png)
<use ../../1.Foundation & Security/results/fig/client_secret.png>
Package pdftex.def Info: ../../1.Foundation & Security/results/fig/client_secret.png  used on input line 121.
(pdftex.def)             Requested size: 385.02547pt x 128.0409pt.
<../../1.Foundation & Security/results/fig/mqtt_test.png, id=514, 898.35625pt x 146.5475pt>
File: ../../1.Foundation & Security/results/fig/mqtt_test.png Graphic file (type png)
<use ../../1.Foundation & Security/results/fig/mqtt_test.png>
Package pdftex.def Info: ../../1.Foundation & Security/results/fig/mqtt_test.png  used on input line 149.
(pdftex.def)             Requested size: 430.31812pt x 70.19664pt.


Package fancyhdr Warning: \headheight is too small (12.0pt): 
(fancyhdr)                Make it at least 27.08337pt, for example:
(fancyhdr)                \setlength{\headheight}{27.08337pt}.
(fancyhdr)                You might also make \topmargin smaller to compensate:
(fancyhdr)                \addtolength{\topmargin}{-15.08337pt}.

[7 <../../1.Foundation & Security/results/fig/orangepi_secret.png> <../../1.Foundation & Security/results/fig/client_secret.png>]
<../../1.Foundation & Security/results/fig/ssh_test.png, id=523, 1302.8675pt x 365.365pt>
File: ../../1.Foundation & Security/results/fig/ssh_test.png Graphic file (type png)
<use ../../1.Foundation & Security/results/fig/ssh_test.png>
Package pdftex.def Info: ../../1.Foundation & Security/results/fig/ssh_test.png  used on input line 168.
(pdftex.def)             Requested size: 430.31812pt x 120.67117pt.


Package hyperref Warning: Suppressing empty link on input line 179.

<../../1.Foundation & Security/results/fig/orangepi_ssl.png, id=525, 534.99875pt x 806.01125pt>
File: ../../1.Foundation & Security/results/fig/orangepi_ssl.png Graphic file (type png)
<use ../../1.Foundation & Security/results/fig/orangepi_ssl.png>
Package pdftex.def Info: ../../1.Foundation & Security/results/fig/orangepi_ssl.png  used on input line 183.
(pdftex.def)             Requested size: 385.02547pt x 580.09398pt.

Package fancyhdr Warning: \headheight is too small (12.0pt): 
(fancyhdr)                Make it at least 27.08337pt, for example:
(fancyhdr)                \setlength{\headheight}{27.08337pt}.
(fancyhdr)                You might also make \topmargin smaller to compensate:
(fancyhdr)                \addtolength{\topmargin}{-15.08337pt}.

[8 <../../1.Foundation & Security/results/fig/mqtt_test.png> <../../1.Foundation & Security/results/fig/ssh_test.png>]

Package hyperref Warning: Suppressing empty link on input line 197.


Package fancyhdr Warning: \headheight is too small (12.0pt): 
(fancyhdr)                Make it at least 27.08337pt, for example:
(fancyhdr)                \setlength{\headheight}{27.08337pt}.
(fancyhdr)                You might also make \topmargin smaller to compensate:
(fancyhdr)                \addtolength{\topmargin}{-15.08337pt}.

[9 <../../1.Foundation & Security/results/fig/orangepi_ssl.png>])

Package fancyhdr Warning: \headheight is too small (12.0pt): 
(fancyhdr)                Make it at least 27.08337pt, for example:
(fancyhdr)                \setlength{\headheight}{27.08337pt}.
(fancyhdr)                You might also make \topmargin smaller to compensate:
(fancyhdr)                \addtolength{\topmargin}{-15.08337pt}.

[10]
\openout2 = `sections/02_image_processing.aux'.

 (./sections/02_image_processing.tex

Package hyperref Warning: Suppressing empty link on input line 9.


Overfull \hbox (1.17169pt too wide) in paragraph at lines 20--27
[]\OT1/cmr/m/n/12 (\OT1/cmtt/m/n/12 cv2.HOGDescriptor[]getDefaultPeopleDetector()\OT1/cmr/m/n/12 ). This was cho-sen de-lib-er-ately over
 []


Package hyperref Warning: Suppressing empty link on input line 31.


Package fancyhdr Warning: \headheight is too small (12.0pt): 
(fancyhdr)                Make it at least 27.08337pt, for example:
(fancyhdr)                \setlength{\headheight}{27.08337pt}.
(fancyhdr)                You might also make \topmargin smaller to compensate:
(fancyhdr)                \addtolength{\topmargin}{-15.08337pt}.

[11



] (/usr/share/texlive/texmf-dist/tex/latex/listings/lstlang1.sty
File: lstlang1.sty 2023/02/27 1.9 listings language file
)
LaTeX Font Info:    Trying to load font information for OMS+cmtt on input line 94.
LaTeX Font Info:    No file OMScmtt.fd. on input line 94.


LaTeX Font Warning: Font shape `OMS/cmtt/m/n' undefined
(Font)              using `OMS/cmsy/m/n' instead
(Font)              for symbol `textbraceleft' on input line 94.


Package hyperref Warning: Suppressing empty link on input line 105.


Package fancyhdr Warning: \headheight is too small (12.0pt): 
(fancyhdr)                Make it at least 27.08337pt, for example:
(fancyhdr)                \setlength{\headheight}{27.08337pt}.
(fancyhdr)                You might also make \topmargin smaller to compensate:
(fancyhdr)                \addtolength{\topmargin}{-15.08337pt}.

[12]

Package fancyhdr Warning: \headheight is too small (12.0pt): 
(fancyhdr)                Make it at least 27.08337pt, for example:
(fancyhdr)                \setlength{\headheight}{27.08337pt}.
(fancyhdr)                You might also make \topmargin smaller to compensate:
(fancyhdr)                \addtolength{\topmargin}{-15.08337pt}.

[13]

Package tcolorbox Warning: Using nobreak failed. Try to enlarge `lines before break' or set page breaks manually on input line 191.


Package fancyhdr Warning: \headheight is too small (12.0pt): 
(fancyhdr)                Make it at least 27.08337pt, for example:
(fancyhdr)                \setlength{\headheight}{27.08337pt}.
(fancyhdr)                You might also make \topmargin smaller to compensate:
(fancyhdr)                \addtolength{\topmargin}{-15.08337pt}.

[14]
Overfull \hbox (30.07802pt too wide) in paragraph at lines 304--313
[]\OT1/cmr/m/n/12 An in-ter-est-ing sec-ondary ob-ser-va-tion is that the \OT1/cmr/m/it/12 op-ti-mized \OT1/cmr/m/n/12 runs show $[]$
 []


Package fancyhdr Warning: \headheight is too small (12.0pt): 
(fancyhdr)                Make it at least 27.08337pt, for example:
(fancyhdr)                \setlength{\headheight}{27.08337pt}.
(fancyhdr)                You might also make \topmargin smaller to compensate:
(fancyhdr)                \addtolength{\topmargin}{-15.08337pt}.

[15])

Package fancyhdr Warning: \headheight is too small (12.0pt): 
(fancyhdr)                Make it at least 27.08337pt, for example:
(fancyhdr)                \setlength{\headheight}{27.08337pt}.
(fancyhdr)                You might also make \topmargin smaller to compensate:
(fancyhdr)                \addtolength{\topmargin}{-15.08337pt}.

[16]

Package fancyhdr Warning: \headheight is too small (12.0pt): 
(fancyhdr)                Make it at least 27.08337pt, for example:
(fancyhdr)                \setlength{\headheight}{27.08337pt}.
(fancyhdr)                You might also make \topmargin smaller to compensate:
(fancyhdr)                \addtolength{\topmargin}{-15.08337pt}.

[17]
\openout2 = `sections/03_web_server_ssl_systemd.aux'.

 (./sections/03_web_server_ssl_systemd.tex

Package hyperref Warning: Suppressing empty link on input line 8.


Package hyperref Warning: Suppressing empty link on input line 15.


Package hyperref Warning: Suppressing empty link on input line 19.


Package hyperref Warning: Suppressing empty link on input line 51.


Package fancyhdr Warning: \headheight is too small (12.0pt): 
(fancyhdr)                Make it at least 27.08337pt, for example:
(fancyhdr)                \setlength{\headheight}{27.08337pt}.
(fancyhdr)                You might also make \topmargin smaller to compensate:
(fancyhdr)                \addtolength{\topmargin}{-15.08337pt}.

[18



]

Package hyperref Warning: Suppressing empty link on input line 82.


Package hyperref Warning: Suppressing empty link on input line 82.


Package hyperref Warning: Suppressing empty link on input line 111.


Package hyperref Warning: Suppressing empty link on input line 126.


Package fancyhdr Warning: \headheight is too small (12.0pt): 
(fancyhdr)                Make it at least 27.08337pt, for example:
(fancyhdr)                \setlength{\headheight}{27.08337pt}.
(fancyhdr)                You might also make \topmargin smaller to compensate:
(fancyhdr)                \addtolength{\topmargin}{-15.08337pt}.

[19]
Overfull \hbox (65.29297pt too wide) in paragraph at lines 139--146
\OT1/cmr/m/n/12 reach \OT1/cmtt/m/n/12 multi-user.target\OT1/cmr/m/n/12 . The sin-gle largest con-trib-u-tor by far was \OT1/cmtt/m/n/12 snapd \OT1/cmr/m/n/12 --- \OT1/cmtt/m/n/12 snapd.seeded.service
 []

<../../3.Web Server, SSL & systemd/results/fig/systemd-analysis_Initial.png, id=657, 1052.93375pt x 908.39375pt>
File: ../../3.Web Server, SSL & systemd/results/fig/systemd-analysis_Initial.png Graphic file (type png)
<use ../../3.Web Server, SSL & systemd/results/fig/systemd-analysis_Initial.png>
Package pdftex.def Info: ../../3.Web Server, SSL & systemd/results/fig/systemd-analysis_Initial.png  used on input line 149.
(pdftex.def)             Requested size: 430.31812pt x 371.25182pt.

Overfull \hbox (45.78178pt too wide) in paragraph at lines 153--159
[]\OT1/cmr/m/n/12 Two op-ti-miza-tions were ap-plied: Snap was dis-abled en-tirely (\OT1/cmtt/m/n/12 systemctl disable snapd.service
 []


Overfull \hbox (39.88368pt too wide) in paragraph at lines 153--159
\OT1/cmr/m/n/12 stopped, dis-abled, and masked, along-side set-ting the boot tar-get ex-plic-itly to \OT1/cmtt/m/n/12 multi-user.target
 []


Package fancyhdr Warning: \headheight is too small (12.0pt): 
(fancyhdr)                Make it at least 27.08337pt, for example:
(fancyhdr)                \setlength{\headheight}{27.08337pt}.
(fancyhdr)                You might also make \topmargin smaller to compensate:
(fancyhdr)                \addtolength{\topmargin}{-15.08337pt}.

[20 <../../3.Web Server, SSL & systemd/results/fig/systemd-analysis_Initial.png>]
<../../3.Web Server, SSL & systemd/results/fig/disable-systemd-bluetooth.png, id=664, 745.78625pt x 151.56625pt>
File: ../../3.Web Server, SSL & systemd/results/fig/disable-systemd-bluetooth.png Graphic file (type png)
<use ../../3.Web Server, SSL & systemd/results/fig/disable-systemd-bluetooth.png>
Package pdftex.def Info: ../../3.Web Server, SSL & systemd/results/fig/disable-systemd-bluetooth.png  used on input line 162.
(pdftex.def)             Requested size: 385.02547pt x 78.24828pt.
<../../3.Web Server, SSL & systemd/results/fig/systemd-analysis_Optimized.png, id=665, 1238.6275pt x 940.51375pt>
File: ../../3.Web Server, SSL & systemd/results/fig/systemd-analysis_Optimized.png Graphic file (type png)
<use ../../3.Web Server, SSL & systemd/results/fig/systemd-analysis_Optimized.png>
Package pdftex.def Info: ../../3.Web Server, SSL & systemd/results/fig/systemd-analysis_Optimized.png  used on input line 168.
(pdftex.def)             Requested size: 430.31812pt x 326.74506pt.


Package hyperref Warning: Suppressing empty link on input line 192.


Overfull \hbox (47.06213pt too wide) in paragraph at lines 186--194
\OT1/cmr/m/n/12 the image-processing ser-vice's HTTP-poll retry logic in ac-tion --- \OT1/cmtt/m/n/12 surveillance-imgproc.service
 []


Package fancyhdr Warning: \headheight is too small (12.0pt): 
(fancyhdr)                Make it at least 27.08337pt, for example:
(fancyhdr)                \setlength{\headheight}{27.08337pt}.
(fancyhdr)                You might also make \topmargin smaller to compensate:
(fancyhdr)                \addtolength{\topmargin}{-15.08337pt}.

[21 <../../3.Web Server, SSL & systemd/results/fig/disable-systemd-bluetooth.png> <../../3.Web Server, SSL & systemd/results/fig/systemd-analysis_Optimized.png>]
<../../3.Web Server, SSL & systemd/results/fig/auto-restart_webservice.png, id=676, 940.51375pt x 413.545pt>
File: ../../3.Web Server, SSL & systemd/results/fig/auto-restart_webservice.png Graphic file (type png)
<use ../../3.Web Server, SSL & systemd/results/fig/auto-restart_webservice.png>
Package pdftex.def Info: ../../3.Web Server, SSL & systemd/results/fig/auto-restart_webservice.png  used on input line 203.
(pdftex.def)             Requested size: 430.31812pt x 189.21075pt.

Overfull \hbox (4.84523pt too wide) in paragraph at lines 218--222
\OT1/cmr/m/n/12 A plain \OT1/cmtt/m/n/12 curl -I \OT1/cmr/m/n/12 re-quest against port 80 re-turns \OT1/cmtt/m/n/12 301 Moved Permanently \OT1/cmr/m/n/12 with a \OT1/cmtt/m/n/12 Location
 []

<../../3.Web Server, SSL & systemd/results/fig/redirect-http-to-https.png, id=677, 725.71124pt x 138.5175pt>
File: ../../3.Web Server, SSL & systemd/results/fig/redirect-http-to-https.png Graphic file (type png)
<use ../../3.Web Server, SSL & systemd/results/fig/redirect-http-to-https.png>
Package pdftex.def Info: ../../3.Web Server, SSL & systemd/results/fig/redirect-http-to-https.png  used on input line 225.
(pdftex.def)             Requested size: 339.72592pt x 64.84537pt.

Package fancyhdr Warning: \headheight is too small (12.0pt): 
(fancyhdr)                Make it at least 27.08337pt, for example:
(fancyhdr)                \setlength{\headheight}{27.08337pt}.
(fancyhdr)                You might also make \topmargin smaller to compensate:
(fancyhdr)                \addtolength{\topmargin}{-15.08337pt}.

[22 <../../3.Web Server, SSL & systemd/results/fig/auto-restart_webservice.png>]

Package hyperref Warning: Suppressing empty link on input line 234.

<../../3.Web Server, SSL & systemd/results/fig/webpage-CN-402101906.png, id=684, 1402.23875pt x 934.49126pt>
File: ../../3.Web Server, SSL & systemd/results/fig/webpage-CN-402101906.png Graphic file (type png)
<use ../../3.Web Server, SSL & systemd/results/fig/webpage-CN-402101906.png>
Package pdftex.def Info: ../../3.Web Server, SSL & systemd/results/fig/webpage-CN-402101906.png  used on input line 238.
(pdftex.def)             Requested size: 385.02547pt x 256.59377pt.
)

Package fancyhdr Warning: \headheight is too small (12.0pt): 
(fancyhdr)                Make it at least 27.08337pt, for example:
(fancyhdr)                \setlength{\headheight}{27.08337pt}.
(fancyhdr)                You might also make \topmargin smaller to compensate:
(fancyhdr)                \addtolength{\topmargin}{-15.08337pt}.

[23 <../../3.Web Server, SSL & systemd/results/fig/redirect-http-to-https.png> <../../3.Web Server, SSL & systemd/results/fig/webpage-CN-402101906.png>]

Package fancyhdr Warning: \headheight is too small (12.0pt): 
(fancyhdr)                Make it at least 27.08337pt, for example:
(fancyhdr)                \setlength{\headheight}{27.08337pt}.
(fancyhdr)                You might also make \topmargin smaller to compensate:
(fancyhdr)                \addtolength{\topmargin}{-15.08337pt}.

[24]
\openout2 = `sections/04_rest_api_swagger.aux'.

 (./sections/04_rest_api_swagger.tex

Package fancyhdr Warning: \headheight is too small (12.0pt): 
(fancyhdr)                Make it at least 27.08337pt, for example:
(fancyhdr)                \setlength{\headheight}{27.08337pt}.
(fancyhdr)                You might also make \topmargin smaller to compensate:
(fancyhdr)                \addtolength{\topmargin}{-15.08337pt}.

[25



]

Package hyperref Warning: Suppressing empty link on input line 93.

<../../4.REST API & Swagger/results/fig/api-requests.png, id=716, 1409.265pt x 708.6475pt>
File: ../../4.REST API & Swagger/results/fig/api-requests.png Graphic file (type png)
<use ../../4.REST API & Swagger/results/fig/api-requests.png>
Package pdftex.def Info: ../../4.REST API & Swagger/results/fig/api-requests.png  used on input line 100.
(pdftex.def)             Requested size: 430.31812pt x 216.38046pt.

Overfull \hbox (81.02151pt too wide) in paragraph at lines 106--109
\OT1/cmr/m/n/12 To con-firm the re-fusal above is a gen-uine safety gate and not merely cos-metic, \OT1/cmtt/m/n/12 allow[]dangerous[]commands
 []

<../../4.REST API & Swagger/results/fig/api-reboot-allowed-test-config.png, id=717, 1925.1925pt x 941.5175pt>
File: ../../4.REST API & Swagger/results/fig/api-reboot-allowed-test-config.png Graphic file (type png)
<use ../../4.REST API & Swagger/results/fig/api-reboot-allowed-test-config.png>
Package pdftex.def Info: ../../4.REST API & Swagger/results/fig/api-reboot-allowed-test-config.png  used on input line 112.
(pdftex.def)             Requested size: 430.31812pt x 210.43875pt.

Package fancyhdr Warning: \headheight is too small (12.0pt): 
(fancyhdr)                Make it at least 27.08337pt, for example:
(fancyhdr)                \setlength{\headheight}{27.08337pt}.
(fancyhdr)                You might also make \topmargin smaller to compensate:
(fancyhdr)                \addtolength{\topmargin}{-15.08337pt}.

[26 <../../4.REST API & Swagger/results/fig/api-requests.png>]
<../../4.REST API & Swagger/results/fig/api-reboot-allowed-test-during.png, id=731, 1925.1925pt x 941.5175pt>
File: ../../4.REST API & Swagger/results/fig/api-reboot-allowed-test-during.png Graphic file (type png)
<use ../../4.REST API & Swagger/results/fig/api-reboot-allowed-test-during.png>
Package pdftex.def Info: ../../4.REST API & Swagger/results/fig/api-reboot-allowed-test-during.png  used on input line 118.
(pdftex.def)             Requested size: 430.31812pt x 210.43875pt.


Package fancyhdr Warning: \headheight is too small (12.0pt): 
(fancyhdr)                Make it at least 27.08337pt, for example:
(fancyhdr)                \setlength{\headheight}{27.08337pt}.
(fancyhdr)                You might also make \topmargin smaller to compensate:
(fancyhdr)                \addtolength{\topmargin}{-15.08337pt}.

[27 <../../4.REST API & Swagger/results/fig/api-reboot-allowed-test-config.png> <../../4.REST API & Swagger/results/fig/api-reboot-allowed-test-during.png>]
<../../4.REST API & Swagger/code/experiments/results/2-1/exp2_1_temperature.png, id=741, 558.888pt x 338.7054pt>
File: ../../4.REST API & Swagger/code/experiments/results/2-1/exp2_1_temperature.png Graphic file (type png)
<use ../../4.REST API & Swagger/code/experiments/results/2-1/exp2_1_temperature.png>
Package pdftex.def Info: ../../4.REST API & Swagger/code/experiments/results/2-1/exp2_1_temperature.png  used on input line 140.
(pdftex.def)             Requested size: 362.37569pt x 219.61324pt.


Package fancyhdr Warning: \headheight is too small (12.0pt): 
(fancyhdr)                Make it at least 27.08337pt, for example:
(fancyhdr)                \setlength{\headheight}{27.08337pt}.
(fancyhdr)                You might also make \topmargin smaller to compensate:
(fancyhdr)                \addtolength{\topmargin}{-15.08337pt}.

[28 <../../4.REST API & Swagger/code/experiments/results/2-1/exp2_1_temperature.png>]
<../../4.REST API & Swagger/code/experiments/results/2-2/exp2_2_memory.png, id=754, 574.3056pt x 338.7054pt>
File: ../../4.REST API & Swagger/code/experiments/results/2-2/exp2_2_memory.png Graphic file (type png)
<use ../../4.REST API & Swagger/code/experiments/results/2-2/exp2_2_memory.png>
Package pdftex.def Info: ../../4.REST API & Swagger/code/experiments/results/2-2/exp2_2_memory.png  used on input line 190.
(pdftex.def)             Requested size: 362.37569pt x 213.72147pt.

pdfTeX warning (ext4): destination with the same identifier (name{a:Analysis}) has been already used, duplicate ignored
<to be read again> 
                   \relax 
l.216 \begin{answersection}{Analysis}
                                     

Package fancyhdr Warning: \headheight is too small (12.0pt): 
(fancyhdr)                Make it at least 27.08337pt, for example:
(fancyhdr)                \setlength{\headheight}{27.08337pt}.
(fancyhdr)                You might also make \topmargin smaller to compensate:
(fancyhdr)                \addtolength{\topmargin}{-15.08337pt}.

[29 <../../4.REST API & Swagger/code/experiments/results/2-2/exp2_2_memory.png>]
Overfull \hbox (6.88782pt too wide) in paragraph at lines 231--235
\OT1/cmr/m/n/12 Fifty con-cur-rent re-quests were fired at \OT1/cmtt/m/n/12 /api/v1/telemetry \OT1/cmr/m/n/12 us-ing \OT1/cmtt/m/n/12 exp2[]3[]concurrency.py\OT1/cmr/m/n/12 ,
 []

<../../4.REST API & Swagger/results/fig/50-concurrency-test.png, id=767, 1349.04pt x 385.44pt>
File: ../../4.REST API & Swagger/results/fig/50-concurrency-test.png Graphic file (type png)
<use ../../4.REST API & Swagger/results/fig/50-concurrency-test.png>
Package pdftex.def Info: ../../4.REST API & Swagger/results/fig/50-concurrency-test.png  used on input line 238.
(pdftex.def)             Requested size: 430.31812pt x 122.94339pt.

Overfull \hbox (8.82188pt too wide) in paragraph at lines 246--262
 [][] 
 []


Package fancyhdr Warning: \headheight is too small (12.0pt): 
(fancyhdr)                Make it at least 27.08337pt, for example:
(fancyhdr)                \setlength{\headheight}{27.08337pt}.
(fancyhdr)                You might also make \topmargin smaller to compensate:
(fancyhdr)                \addtolength{\topmargin}{-15.08337pt}.

[30 <../../4.REST API & Swagger/results/fig/50-concurrency-test.png>]
pdfTeX warning (ext4): destination with the same identifier (name{a:Analysis}) has been already used, duplicate ignored
<to be read again> 
                   \relax 
l.269 \begin{answersection}{Analysis}
                                     

Package hyperref Warning: Suppressing empty link on input line 272.

<../../4.REST API & Swagger/code/experiments/results/2-4/exp2_4_recovery_timeline.png, id=779, 664.4022pt x 227.4096pt>
File: ../../4.REST API & Swagger/code/experiments/results/2-4/exp2_4_recovery_timeline.png Graphic file (type png)
<use ../../4.REST API & Swagger/code/experiments/results/2-4/exp2_4_recovery_timeline.png>
Package pdftex.def Info: ../../4.REST API & Swagger/code/experiments/results/2-4/exp2_4_recovery_timeline.png  used on input line 298.
(pdftex.def)             Requested size: 362.37569pt x 124.03467pt.

Overfull \hbox (39.88675pt too wide) in paragraph at lines 306--320
 [][] 
 []


Package fancyhdr Warning: \headheight is too small (12.0pt): 
(fancyhdr)                Make it at least 27.08337pt, for example:
(fancyhdr)                \setlength{\headheight}{27.08337pt}.
(fancyhdr)                You might also make \topmargin smaller to compensate:
(fancyhdr)                \addtolength{\topmargin}{-15.08337pt}.

[31 <../../4.REST API & Swagger/code/experiments/results/2-4/exp2_4_recovery_timeline.png>]
pdfTeX warning (ext4): destination with the same identifier (name{a:Analysis}) has been already used, duplicate ignored
<to be read again> 
                   \relax 
l.327 \begin{answersection}{Analysis}
                                     )

Package fancyhdr Warning: \headheight is too small (12.0pt): 
(fancyhdr)                Make it at least 27.08337pt, for example:
(fancyhdr)                \setlength{\headheight}{27.08337pt}.
(fancyhdr)                You might also make \topmargin smaller to compensate:
(fancyhdr)                \addtolength{\topmargin}{-15.08337pt}.

[32]

Package fancyhdr Warning: \headheight is too small (12.0pt): 
(fancyhdr)                Make it at least 27.08337pt, for example:
(fancyhdr)                \setlength{\headheight}{27.08337pt}.
(fancyhdr)                You might also make \topmargin smaller to compensate:
(fancyhdr)                \addtolength{\topmargin}{-15.08337pt}.

[33]
\openout2 = `sections/05_mqtt_email.aux'.

 (./sections/05_mqtt_email.tex

Package hyperref Warning: Suppressing empty link on input line 7.


Overfull \hbox (38.75319pt too wide) in paragraph at lines 6--12
\OT1/cmr/m/n/12 e-mail no-ti-fier. Both are im-ple-mented as a sin-gle stan-dalone C dae-mon, \OT1/cmtt/m/n/12 surveillance[]notifier\OT1/cmr/m/n/12 ,
 []


Package hyperref Warning: Suppressing empty link on input line 24.


Package fancyhdr Warning: \headheight is too small (12.0pt): 
(fancyhdr)                Make it at least 27.08337pt, for example:
(fancyhdr)                \setlength{\headheight}{27.08337pt}.
(fancyhdr)                You might also make \topmargin smaller to compensate:
(fancyhdr)                \addtolength{\topmargin}{-15.08337pt}.

[34



]

Package hyperref Warning: Suppressing empty link on input line 82.


Package hyperref Warning: Suppressing empty link on input line 121.


Package hyperref Warning: Suppressing empty link on input line 121.


Package fancyhdr Warning: \headheight is too small (12.0pt): 
(fancyhdr)                Make it at least 27.08337pt, for example:
(fancyhdr)                \setlength{\headheight}{27.08337pt}.
(fancyhdr)                You might also make \topmargin smaller to compensate:
(fancyhdr)                \addtolength{\topmargin}{-15.08337pt}.

[35]
LaTeX Font Info:    Font shape `OT1/cmss/m/it' in size <10.95> not available
(Font)              Font shape `OT1/cmss/m/sl' tried instead on input line 149.

Underfull \hbox (badness 10000) in paragraph at lines 155--162
[]\OT1/cmss/m/n/10.95 Bug 1: miss-ing trans-fer en-cod-ing \OT1/cmtt/m/n/10.95 curl[]mime[]filedata() \OT1/cmss/m/n/10.95 does not set a
 []


Package fancyhdr Warning: \headheight is too small (12.0pt): 
(fancyhdr)                Make it at least 27.08337pt, for example:
(fancyhdr)                \setlength{\headheight}{27.08337pt}.
(fancyhdr)                You might also make \topmargin smaller to compensate:
(fancyhdr)                \addtolength{\topmargin}{-15.08337pt}.

[36]

Package hyperref Warning: Suppressing empty link on input line 196.


Package hyperref Warning: Suppressing empty link on input line 199.

<../../5.MQTT & Email/results/fig/mqtt-3min-outage_before.png, id=841, 1407.2575pt x 886.31125pt>
File: ../../5.MQTT & Email/results/fig/mqtt-3min-outage_before.png Graphic file (type png)
<use ../../5.MQTT & Email/results/fig/mqtt-3min-outage_before.png>
Package pdftex.def Info: ../../5.MQTT & Email/results/fig/mqtt-3min-outage_before.png  used on input line 213.
(pdftex.def)             Requested size: 430.31812pt x 271.02103pt.
<../../5.MQTT & Email/results/fig/mqtt-3min-outage_after.png, id=842, 1407.2575pt x 434.62375pt>
File: ../../5.MQTT & Email/results/fig/mqtt-3min-outage_after.png Graphic file (type png)
<use ../../5.MQTT & Email/results/fig/mqtt-3min-outage_after.png>
Package pdftex.def Info: ../../5.MQTT & Email/results/fig/mqtt-3min-outage_after.png  used on input line 219.
(pdftex.def)             Requested size: 430.31812pt x 132.90158pt.

Package fancyhdr Warning: \headheight is too small (12.0pt): 
(fancyhdr)                Make it at least 27.08337pt, for example:
(fancyhdr)                \setlength{\headheight}{27.08337pt}.
(fancyhdr)                You might also make \topmargin smaller to compensate:
(fancyhdr)                \addtolength{\topmargin}{-15.08337pt}.

[37 <../../5.MQTT & Email/results/fig/mqtt-3min-outage_before.png>]
Overfull \hbox (97.11743pt too wide) in paragraph at lines 227--239
 [][] 
 []


Package fancyhdr Warning: \headheight is too small (12.0pt): 
(fancyhdr)                Make it at least 27.08337pt, for example:
(fancyhdr)                \setlength{\headheight}{27.08337pt}.
(fancyhdr)                You might also make \topmargin smaller to compensate:
(fancyhdr)                \addtolength{\topmargin}{-15.08337pt}.

[38 <../../5.MQTT & Email/results/fig/mqtt-3min-outage_after.png>]

Package hyperref Warning: Suppressing empty link on input line 295.


Package hyperref Warning: Suppressing empty link on input line 309.

)

Package fancyhdr Warning: \headheight is too small (12.0pt): 
(fancyhdr)                Make it at least 27.08337pt, for example:
(fancyhdr)                \setlength{\headheight}{27.08337pt}.
(fancyhdr)                You might also make \topmargin smaller to compensate:
(fancyhdr)                \addtolength{\topmargin}{-15.08337pt}.

[39]

Package fancyhdr Warning: \headheight is too small (12.0pt): 
(fancyhdr)                Make it at least 27.08337pt, for example:
(fancyhdr)                \setlength{\headheight}{27.08337pt}.
(fancyhdr)                You might also make \topmargin smaller to compensate:
(fancyhdr)                \addtolength{\topmargin}{-15.08337pt}.

[40]
\openout2 = `sections/06_advanced_features.aux'.

 (./sections/06_advanced_features.tex

Package hyperref Warning: Suppressing empty link on input line 9.


Package hyperref Warning: Suppressing empty link on input line 27.


Package hyperref Warning: Suppressing empty link on input line 27.


Package hyperref Warning: Suppressing empty link on input line 32.


Package hyperref Warning: Suppressing empty link on input line 55.


Package hyperref Warning: Suppressing empty link on input line 60.


Overfull \hbox (43.17207pt too wide) in paragraph at lines 59--65
[]\OT1/cmtt/m/n/12 guard[]state.json \OT1/cmr/m/n/12 --- writ-ten by Sec-tion 's REST API (\OT1/cmtt/m/n/12 POST /api/v1/guard \OMS/cmtt/m/n/12 f\OT1/cmtt/m/n/12 "enabled":
 []


Package fancyhdr Warning: \headheight is too small (12.0pt): 
(fancyhdr)                Make it at least 27.08337pt, for example:
(fancyhdr)                \setlength{\headheight}{27.08337pt}.
(fancyhdr)                You might also make \topmargin smaller to compensate:
(fancyhdr)                \addtolength{\topmargin}{-15.08337pt}.

[41



]

Package hyperref Warning: Suppressing empty link on input line 73.

<../../6.Advanced Features/results/fig/GuardMode-Toggle-API.png, id=890, 1401.235pt x 144.54pt>
File: ../../6.Advanced Features/results/fig/GuardMode-Toggle-API.png Graphic file (type png)
<use ../../6.Advanced Features/results/fig/GuardMode-Toggle-API.png>
Package pdftex.def Info: ../../6.Advanced Features/results/fig/GuardMode-Toggle-API.png  used on input line 94.
(pdftex.def)             Requested size: 407.66833pt x 42.05005pt.
<../../6.Advanced Features/results/fig/GuardMode-Toggle-Result.png, id=891, 908.39375pt x 112.42pt>
File: ../../6.Advanced Features/results/fig/GuardMode-Toggle-Result.png Graphic file (type png)
<use ../../6.Advanced Features/results/fig/GuardMode-Toggle-Result.png>
Package pdftex.def Info: ../../6.Advanced Features/results/fig/GuardMode-Toggle-Result.png  used on input line 100.
(pdftex.def)             Requested size: 362.37569pt x 44.84712pt.

Package fancyhdr Warning: \headheight is too small (12.0pt): 
(fancyhdr)                Make it at least 27.08337pt, for example:
(fancyhdr)                \setlength{\headheight}{27.08337pt}.
(fancyhdr)                You might also make \topmargin smaller to compensate:
(fancyhdr)                \addtolength{\topmargin}{-15.08337pt}.

[42 <../../6.Advanced Features/results/fig/GuardMode-Toggle-API.png> <../../6.Advanced Features/results/fig/GuardMode-Toggle-Result.png>]
<../../6.Advanced Features/results/fig/GuardMode-Blockbox.png, id=902, 1249.66875pt x 504.88625pt>
File: ../../6.Advanced Features/results/fig/GuardMode-Blockbox.png Graphic file (type png)
<use ../../6.Advanced Features/results/fig/GuardMode-Blockbox.png>
Package pdftex.def Info: ../../6.Advanced Features/results/fig/GuardMode-Blockbox.png  used on input line 183.
(pdftex.def)             Requested size: 430.31812pt x 173.85466pt.


Package fancyhdr Warning: \headheight is too small (12.0pt): 
(fancyhdr)                Make it at least 27.08337pt, for example:
(fancyhdr)                \setlength{\headheight}{27.08337pt}.
(fancyhdr)                You might also make \topmargin smaller to compensate:
(fancyhdr)                \addtolength{\topmargin}{-15.08337pt}.

[43]

Package hyperref Warning: Suppressing empty link on input line 207.


Package fancyhdr Warning: \headheight is too small (12.0pt): 
(fancyhdr)                Make it at least 27.08337pt, for example:
(fancyhdr)                \setlength{\headheight}{27.08337pt}.
(fancyhdr)                You might also make \topmargin smaller to compensate:
(fancyhdr)                \addtolength{\topmargin}{-15.08337pt}.

[44 <../../6.Advanced Features/results/fig/GuardMode-Blockbox.png>]

Package hyperref Warning: Suppressing empty link on input line 231.


Overfull \hbox (48.52151pt too wide) in paragraph at lines 239--246
[]\OT1/cmr/m/n/12 On throt-tle: \OT1/cmtt/m/n/12 control.json \OT1/cmr/m/n/12 is rewrit-ten with \OT1/cmtt/m/n/12 thermal[]throttled[]fps\OT1/cmr/m/n/12 /\OT1/cmtt/m/n/12 thermal[]throttled[]scale\OT1/cmr/m/n/12 ,
 []


Package hyperref Warning: Suppressing empty link on input line 271.


Package fancyhdr Warning: \headheight is too small (12.0pt): 
(fancyhdr)                Make it at least 27.08337pt, for example:
(fancyhdr)                \setlength{\headheight}{27.08337pt}.
(fancyhdr)                You might also make \topmargin smaller to compensate:
(fancyhdr)                \addtolength{\topmargin}{-15.08337pt}.

[45]

Package hyperref Warning: Suppressing empty link on input line 331.

<../../6.Advanced Features/results/fig/GaurdMode-DisconnectCamera-Before.png, id=956, 1447.4075pt x 837.1275pt>
File: ../../6.Advanced Features/results/fig/GaurdMode-DisconnectCamera-Before.png Graphic file (type png)
<use ../../6.Advanced Features/results/fig/GaurdMode-DisconnectCamera-Before.png>
Package pdftex.def Info: ../../6.Advanced Features/results/fig/GaurdMode-DisconnectCamera-Before.png  used on input line 338.
(pdftex.def)             Requested size: 430.31812pt x 248.87927pt.

Underfull \hbox (badness 4441) in paragraph at lines 339--339
[]\OT1/cmr/m/n/12 Figure 45: |Setup: \OT1/cmtt/m/n/12 laptop[]stream[]webcam.sh \OT1/cmr/m/n/12 serv-ing nor-mally on the left,
 []


Package fancyhdr Warning: \headheight is too small (12.0pt): 
(fancyhdr)                Make it at least 27.08337pt, for example:
(fancyhdr)                \setlength{\headheight}{27.08337pt}.
(fancyhdr)                You might also make \topmargin smaller to compensate:
(fancyhdr)                \addtolength{\topmargin}{-15.08337pt}.

[46]
<../../6.Advanced Features/results/fig/GuardMode-DisconnectCamera-JournalCTL.png, id=963, 1304.875pt x 904.37875pt>
File: ../../6.Advanced Features/results/fig/GuardMode-DisconnectCamera-JournalCTL.png Graphic file (type png)
<use ../../6.Advanced Features/results/fig/GuardMode-DisconnectCamera-JournalCTL.png>
Package pdftex.def Info: ../../6.Advanced Features/results/fig/GuardMode-DisconnectCamera-JournalCTL.png  used on input line 344.
(pdftex.def)             Requested size: 430.31812pt x 298.23892pt.


Package fancyhdr Warning: \headheight is too small (12.0pt): 
(fancyhdr)                Make it at least 27.08337pt, for example:
(fancyhdr)                \setlength{\headheight}{27.08337pt}.
(fancyhdr)                You might also make \topmargin smaller to compensate:
(fancyhdr)                \addtolength{\topmargin}{-15.08337pt}.

[47 <../../6.Advanced Features/results/fig/GaurdMode-DisconnectCamera-Before.png> <../../6.Advanced Features/results/fig/GuardMode-DisconnectCamera-JournalCTL.png>]
Underfull \hbox (badness 4981) in paragraph at lines 361--361
[]\OT1/cmr/m/n/12 Listing 12: |\OT1/cmtt/m/n/12 journalctl -u surveillance-imgproc \OT1/cmr/m/n/12 (ex-cerpt): 15 con-sec-u-tive
 []


Overfull \hbox (16.1797pt too wide) in paragraph at lines 381--390
 [][] 
 []

<../../6.Advanced Features/results/fig/GaurdMode-DisconnectCamera-firstReconnect.png, id=972, 1447.4075pt x 837.1275pt>
File: ../../6.Advanced Features/results/fig/GaurdMode-DisconnectCamera-firstReconnect.png Graphic file (type png)
<use ../../6.Advanced Features/results/fig/GaurdMode-DisconnectCamera-firstReconnect.png>
Package pdftex.def Info: ../../6.Advanced Features/results/fig/GaurdMode-DisconnectCamera-firstReconnect.png  used on input line 394.
(pdftex.def)             Requested size: 430.31812pt x 248.87927pt.

Package fancyhdr Warning: \headheight is too small (12.0pt): 
(fancyhdr)                Make it at least 27.08337pt, for example:
(fancyhdr)                \setlength{\headheight}{27.08337pt}.
(fancyhdr)                You might also make \topmargin smaller to compensate:
(fancyhdr)                \addtolength{\topmargin}{-15.08337pt}.

[48]
<../../6.Advanced Features/results/fig/GaurdMode-DisconnectCamera-SecondReconnect.png, id=993, 1447.4075pt x 837.1275pt>
File: ../../6.Advanced Features/results/fig/GaurdMode-DisconnectCamera-SecondReconnect.png Graphic file (type png)
<use ../../6.Advanced Features/results/fig/GaurdMode-DisconnectCamera-SecondReconnect.png>
Package pdftex.def Info: ../../6.Advanced Features/results/fig/GaurdMode-DisconnectCamera-SecondReconnect.png  used on input line 400.
(pdftex.def)             Requested size: 430.31812pt x 248.87927pt.
<../../6.Advanced Features/results/fig/GaurdMode-DisconnectCamera-BlackBox.png, id=994, 1435.3625pt x 208.78pt>
File: ../../6.Advanced Features/results/fig/GaurdMode-DisconnectCamera-BlackBox.png Graphic file (type png)
<use ../../6.Advanced Features/results/fig/GaurdMode-DisconnectCamera-BlackBox.png>
Package pdftex.def Info: ../../6.Advanced Features/results/fig/GaurdMode-DisconnectCamera-BlackBox.png  used on input line 406.
(pdftex.def)             Requested size: 430.31812pt x 62.58987pt.


Package fancyhdr Warning: \headheight is too small (12.0pt): 
(fancyhdr)                Make it at least 27.08337pt, for example:
(fancyhdr)                \setlength{\headheight}{27.08337pt}.
(fancyhdr)                You might also make \topmargin smaller to compensate:
(fancyhdr)                \addtolength{\topmargin}{-15.08337pt}.

[49 <../../6.Advanced Features/results/fig/GaurdMode-DisconnectCamera-firstReconnect.png> <../../6.Advanced Features/results/fig/GaurdMode-DisconnectCamera-SecondReconnect.png>]

Package hyperref Warning: Suppressing empty link on input line 444.


Package fancyhdr Warning: \headheight is too small (12.0pt): 
(fancyhdr)                Make it at least 27.08337pt, for example:
(fancyhdr)                \setlength{\headheight}{27.08337pt}.
(fancyhdr)                You might also make \topmargin smaller to compensate:
(fancyhdr)                \addtolength{\topmargin}{-15.08337pt}.

[50 <../../6.Advanced Features/results/fig/GaurdMode-DisconnectCamera-BlackBox.png>]
<../../6.Advanced Features/results/fig/NoFan-Throttled-Board.png, id=1023, 1916.15875pt x 947.54pt>
File: ../../6.Advanced Features/results/fig/NoFan-Throttled-Board.png Graphic file (type png)
<use ../../6.Advanced Features/results/fig/NoFan-Throttled-Board.png>
Package pdftex.def Info: ../../6.Advanced Features/results/fig/NoFan-Throttled-Board.png  used on input line 461.
(pdftex.def)             Requested size: 430.31812pt x 212.78246pt.
<../../6.Advanced Features/results/fig/NoFan-Throttled-BlackBox.png, id=1024, 1222.5675pt x 486.81876pt>
File: ../../6.Advanced Features/results/fig/NoFan-Throttled-BlackBox.png Graphic file (type png)
<use ../../6.Advanced Features/results/fig/NoFan-Throttled-BlackBox.png>
Package pdftex.def Info: ../../6.Advanced Features/results/fig/NoFan-Throttled-BlackBox.png  used on input line 467.
(pdftex.def)             Requested size: 430.31812pt x 171.34735pt.
<../../6.Advanced Features/results/fig/NoFan-Throttled-API-Telemetry.png, id=1025, 1291.82625pt x 656.4525pt>
File: ../../6.Advanced Features/results/fig/NoFan-Throttled-API-Telemetry.png Graphic file (type png)
<use ../../6.Advanced Features/results/fig/NoFan-Throttled-API-Telemetry.png>
Package pdftex.def Info: ../../6.Advanced Features/results/fig/NoFan-Throttled-API-Telemetry.png  used on input line 475.
(pdftex.def)             Requested size: 217.42265pt x 110.4836pt.
<../../6.Advanced Features/results/fig/Fan-NotThrottled-API-Telemetry.png, id=1026, 797.98125pt x 611.28375pt>
File: ../../6.Advanced Features/results/fig/Fan-NotThrottled-API-Telemetry.png Graphic file (type png)
<use ../../6.Advanced Features/results/fig/Fan-NotThrottled-API-Telemetry.png>
Package pdftex.def Info: ../../6.Advanced Features/results/fig/Fan-NotThrottled-API-Telemetry.png  used on input line 481.
(pdftex.def)             Requested size: 217.42265pt x 166.55052pt.


Package fancyhdr Warning: \headheight is too small (12.0pt): 
(fancyhdr)                Make it at least 27.08337pt, for example:
(fancyhdr)                \setlength{\headheight}{27.08337pt}.
(fancyhdr)                You might also make \topmargin smaller to compensate:
(fancyhdr)                \addtolength{\topmargin}{-15.08337pt}.

[51 <../../6.Advanced Features/results/fig/NoFan-Throttled-Board.png> <../../6.Advanced Features/results/fig/NoFan-Throttled-BlackBox.png>]
<../../6.Advanced Features/results/fig/Fan-NotThrottled-BlackBox.png, id=1035, 1324.95pt x 467.7475pt>
File: ../../6.Advanced Features/results/fig/Fan-NotThrottled-BlackBox.png Graphic file (type png)
<use ../../6.Advanced Features/results/fig/Fan-NotThrottled-BlackBox.png>
Package pdftex.def Info: ../../6.Advanced Features/results/fig/Fan-NotThrottled-BlackBox.png  used on input line 489.
(pdftex.def)             Requested size: 430.31812pt x 151.9162pt.
<../../6.Advanced Features/results/fig/NoFan-Throttled-Broker.png, id=1036, 1433.355pt x 252.945pt>
File: ../../6.Advanced Features/results/fig/NoFan-Throttled-Broker.png Graphic file (type png)
<use ../../6.Advanced Features/results/fig/NoFan-Throttled-Broker.png>
Package pdftex.def Info: ../../6.Advanced Features/results/fig/NoFan-Throttled-Broker.png  used on input line 495.
(pdftex.def)             Requested size: 430.31812pt x 75.93811pt.
<../../6.Advanced Features/results/fig/Fan-NotThrottled-Board.png, id=1037, 1920.17375pt x 956.57375pt>
File: ../../6.Advanced Features/results/fig/Fan-NotThrottled-Board.png Graphic file (type png)
<use ../../6.Advanced Features/results/fig/Fan-NotThrottled-Board.png>
Package pdftex.def Info: ../../6.Advanced Features/results/fig/Fan-NotThrottled-Board.png  used on input line 501.
(pdftex.def)             Requested size: 430.31812pt x 214.35863pt.

Underfull \hbox (badness 4673) in paragraph at lines 502--502
[]\OT1/cmr/m/n/12 Figure 55: |With fan: lo-cal \OT1/cmtt/m/n/12 btop \OT1/cmr/m/n/12 show-ing all four cores gen-uinely sat-u-
 []


Package fancyhdr Warning: \headheight is too small (12.0pt): 
(fancyhdr)                Make it at least 27.08337pt, for example:
(fancyhdr)                \setlength{\headheight}{27.08337pt}.
(fancyhdr)                You might also make \topmargin smaller to compensate:
(fancyhdr)                \addtolength{\topmargin}{-15.08337pt}.

[52 <../../6.Advanced Features/results/fig/NoFan-Throttled-API-Telemetry.png> <../../6.Advanced Features/results/fig/Fan-NotThrottled-API-Telemetry.png> <../../6.Advanced Features/results/fig/Fan-NotThrottled-BlackBox.png> <../../6.Advanced Features/results/fig/NoFan-Throttled-Broker.png>]
<../../6.Advanced Features/code/experiments/results/4-4/NoFan-exp4_4_thermal.png, id=1049, 786.7794pt x 356.532pt>
File: ../../6.Advanced Features/code/experiments/results/4-4/NoFan-exp4_4_thermal.png Graphic file (type png)
<use ../../6.Advanced Features/code/experiments/results/4-4/NoFan-exp4_4_thermal.png>
Package pdftex.def Info: ../../6.Advanced Features/code/experiments/results/4-4/NoFan-exp4_4_thermal.png  used on input line 521.
(pdftex.def)             Requested size: 407.66833pt x 184.73943pt.
<../../6.Advanced Features/code/experiments/results/4-4/Fan-exp4_4_thermal.png, id=1050, 786.7794pt x 356.532pt>
File: ../../6.Advanced Features/code/experiments/results/4-4/Fan-exp4_4_thermal.png Graphic file (type png)
<use ../../6.Advanced Features/code/experiments/results/4-4/Fan-exp4_4_thermal.png>
Package pdftex.def Info: ../../6.Advanced Features/code/experiments/results/4-4/Fan-exp4_4_thermal.png  used on input line 527.
(pdftex.def)             Requested size: 407.66833pt x 184.73943pt.


Package fancyhdr Warning: \headheight is too small (12.0pt): 
(fancyhdr)                Make it at least 27.08337pt, for example:
(fancyhdr)                \setlength{\headheight}{27.08337pt}.
(fancyhdr)                You might also make \topmargin smaller to compensate:
(fancyhdr)                \addtolength{\topmargin}{-15.08337pt}.

[53 <../../6.Advanced Features/results/fig/Fan-NotThrottled-Board.png> <../../6.Advanced Features/code/experiments/results/4-4/NoFan-exp4_4_thermal.png>]

Package fancyhdr Warning: \headheight is too small (12.0pt): 
(fancyhdr)                Make it at least 27.08337pt, for example:
(fancyhdr)                \setlength{\headheight}{27.08337pt}.
(fancyhdr)                You might also make \topmargin smaller to compensate:
(fancyhdr)                \addtolength{\topmargin}{-15.08337pt}.

[54 <../../6.Advanced Features/code/experiments/results/4-4/Fan-exp4_4_thermal.png>])

Package fancyhdr Warning: \headheight is too small (12.0pt): 
(fancyhdr)                Make it at least 27.08337pt, for example:
(fancyhdr)                \setlength{\headheight}{27.08337pt}.
(fancyhdr)                You might also make \topmargin smaller to compensate:
(fancyhdr)                \addtolength{\topmargin}{-15.08337pt}.

[55] (./main.aux (./sections/01_foundation_security.aux) (./sections/02_image_processing.aux) (./sections/03_web_server_ssl_systemd.aux) (./sections/04_rest_api_swagger.aux) (./sections/05_mqtt_email.aux) (./sections/06_advanced_features.aux))
 ***********
LaTeX2e <2023-11-01> patch level 1
L3 programming layer <2024-01-22>
 ***********


LaTeX Font Warning: Some font shapes were not available, defaults substituted.


LaTeX Warning: There were undefined references.


LaTeX Warning: There were multiply-defined labels.

Package rerunfilecheck Info: File `main.out' has not changed.
(rerunfilecheck)             Checksum: 3306592C075C988B683A567196D49D40;21538.
 ) 
Here is how much of TeX's memory you used:
 37671 strings out of 474222
 774047 string characters out of 5748733
 2113975 words of memory out of 5000000
 58890 multiletter control sequences out of 15000+600000
 571560 words of font info for 86 fonts, out of 8000000 for 9000
 1141 hyphenation exceptions out of 8191
 106i,12n,115p,849b,2287s stack positions out of 10000i,1000n,20000p,200000b,200000s

pdfTeX warning (dest): name{a:Does-the-throttle-setting-actually-change-what-the-detector-does,-not-just-what-control-json-says?} has been referenced but does not exist, replaced by a fixed one


pdfTeX warning (dest): name{a:Does-the-adaptive-thermal-response-actually-behave-as-designed-under-real,-sustained-load?} has been referenced but does not exist, replaced by a fixed one


pdfTeX warning (dest): name{a:Does-the-watchdog's-alert-e-mail-actually-work,-separately-from-the-timeout-robustness-claim-above?} has been referenced but does not exist, replaced by a fixed one


pdfTeX warning (dest): name{a:Why-use-two-different-thresholds-instead-of-one?} has been referenced but does not exist, replaced by a fixed one


pdfTeX warning (dest): name{a:Why-route-all-four-features-through-one-existing-daemon-instead-of-building-them-as-separate-processes?} has been referenced but does not exist, replaced by a fixed one


pdfTeX warning (dest): name{a:What-does-this-latency-measurement-actually-capture?} has been referenced but does not exist, replaced by a fixed one


pdfTeX warning (dest): name{a:Why-a-separate-daemon-rather-than-folding-this-into-the-existing-web-server?} has been referenced but does not exist, replaced by a fixed one


pdfTeX warning (dest): name{a:What-happens-to-the-stream-and-the-server-when-the-network-drops-mid-session,-and-does-the-service-need-to-restart?} has been referenced but does not exist, replaced by a fixed one


pdfTeX warning (dest): name{a:What-happens-to-latency-and-system-load-under-50-concurrent-requests?} has been referenced but does not exist, replaced by a fixed one


pdfTeX warning (dest): name{a:Does-memory-usage-grow-over-a-sustained-streaming-session?} has been referenced but does not exist, replaced by a fixed one


pdfTeX warning (dest): name{a:How-does-CPU-temperature-change-across-idle,-streaming,-and-streaming+detection?} has been referenced but does not exist, replaced by a fixed one


pdfTeX warning (dest): name{a:Why-does-image-processing-have-to-start-before-the-web-server?} has been referenced but does not exist, replaced by a fixed one


pdfTeX warning (dest): name{a:Can-a-printed-photo-or-phone/tablet-screen-fool-the-detector?} has been referenced but does not exist, replaced by a fixed one

</usr/share/texlive/texmf-dist/fonts/type1/public/amsfonts/cm/cmbx10.pfb></usr/share/texlive/texmf-dist/fonts/type1/public/amsfonts/cm/cmbx12.pfb></usr/share/texlive/texmf-dist/fonts/type1/public/amsfonts/cm/cmitt10.pfb></usr/share/texlive/texmf-dist/fonts/type1/public/amsfonts/cm/cmmi12.pfb></usr/share/texlive/texmf-dist/fonts/type1/public/amsfonts/cm/cmr10.pfb></usr/share/texlive/texmf-dist/fonts/type1/public/amsfonts/cm/cmr12.pfb></usr/share/texlive/texmf-dist/fonts/type1/public/amsfonts/cm/cmr17.pfb></usr/share/texlive/texmf-dist/fonts/type1/public/amsfonts/cm/cmr6.pfb></usr/share/texlive/texmf-dist/fonts/type1/public/amsfonts/cm/cmss10.pfb></usr/share/texlive/texmf-dist/fonts/type1/public/amsfonts/cm/cmssi10.pfb></usr/share/texlive/texmf-dist/fonts/type1/public/amsfonts/cm/cmsy10.pfb></usr/share/texlive/texmf-dist/fonts/type1/public/amsfonts/cm/cmti12.pfb></usr/share/texlive/texmf-dist/fonts/type1/public/amsfonts/cm/cmtt10.pfb></usr/share/texlive/texmf-dist/fonts/type1/public/amsfonts/cm/cmtt12.pfb></usr/share/texmf/fonts/type1/public/cm-super/sfbx1200.pfb></usr/share/texmf/fonts/type1/public/cm-super/sfrm1200.pfb></usr/share/texmf/fonts/type1/public/cm-super/sftt1000.pfb></usr/share/texmf/fonts/type1/public/cm-super/sftt1200.pfb>
Output written on main.pdf (56 pages, 3800006 bytes).
PDF statistics:
 1252 PDF objects out of 1440 (max. 8388607)
 1064 compressed objects within 11 object streams
 372 named destinations out of 1000 (max. 500000)
 899 words of extra memory for PDF output out of 10000 (max. 10000000)

