\BOOKMARK [1][-]{section*.1}{\376\377\000F\000o\000u\000n\000d\000a\000t\000i\000o\000n\000\040\000\046\000\040\000S\000e\000c\000u\000r\000i\000t\000y}{}% 1
\BOOKMARK [2][-]{section*.2}{\376\377\000O\000v\000e\000r\000v\000i\000e\000w}{section*.1}% 2
\BOOKMARK [2][-]{section*.3}{\376\377\000A\000u\000t\000o\000m\000a\000t\000e\000d\000\040\000S\000e\000t\000u\000p\000\040\000S\000c\000r\000i\000p\000t}{section*.1}% 3
\BOOKMARK [3][-]{section*.4}{\376\377\000D\000e\000p\000l\000o\000y\000m\000e\000n\000t\000\040\000o\000n\000\040\000t\000h\000e\000\040\000O\000r\000a\000n\000g\000e\000\040\000P\000i\000\040\000b\000o\000a\000r\000d}{section*.3}% 4
\BOOKMARK [3][-]{section*.6}{\376\377\000D\000e\000p\000l\000o\000y\000m\000e\000n\000t\000\040\000o\000n\000\040\000t\000h\000e\000\040\000l\000a\000p\000t\000o\000p\000\040\000\050\000M\000Q\000T\000T\000\040\000b\000r\000o\000k\000e\000r\000\040\000h\000o\000s\000t\000\051}{section*.3}% 5
\BOOKMARK [2][-]{section*.8}{\376\377\000S\000e\000c\000r\000e\000t\000s\000\040\000M\000a\000n\000a\000g\000e\000m\000e\000n\000t}{section*.1}% 6
\BOOKMARK [2][-]{section*.11}{\376\377\000E\000x\000p\000e\000r\000i\000m\000e\000n\000t\000\040\0003\000-\0006\000:\000\040\000U\000n\000a\000u\000t\000h\000o\000r\000i\000z\000e\000d\000\040\000M\000Q\000T\000T\000\040\000L\000o\000g\000i\000n}{section*.1}% 7
\BOOKMARK [2][-]{section*.13}{\376\377\000E\000x\000p\000e\000r\000i\000m\000e\000n\000t\000\040\0003\000-\0007\000:\000\040\000U\000n\000a\000u\000t\000h\000o\000r\000i\000z\000e\000d\000\040\000S\000S\000H\000\040\000L\000o\000g\000i\000n}{section*.1}% 8
\BOOKMARK [2][-]{section*.15}{\376\377\000C\000e\000r\000t\000i\000f\000i\000c\000a\000t\000e\000\040\000O\000v\000e\000r\000v\000i\000e\000w}{section*.1}% 9
\BOOKMARK [2][-]{section*.17}{\376\377\000N\000o\000t\000e\000s\000\040\000o\000n\000\040\000T\000h\000i\000s\000\040\000S\000e\000c\000t\000i\000o\000n\000'\000s\000\040\000F\000i\000g\000u\000r\000e\000s}{section*.1}% 10
\BOOKMARK [2][-]{section*.18}{\376\377\000S\000e\000c\000t\000i\000o\000n\000\040\000S\000u\000m\000m\000a\000r\000y}{section*.1}% 11
\BOOKMARK [1][-]{section*.20}{\376\377\000I\000m\000a\000g\000e\000\040\000P\000r\000o\000c\000e\000s\000s\000i\000n\000g}{}% 12
\BOOKMARK [2][-]{section*.21}{\376\377\000O\000v\000e\000r\000v\000i\000e\000w\000\040\000\046\000\040\000A\000r\000c\000h\000i\000t\000e\000c\000t\000u\000r\000e}{section*.20}% 13
\BOOKMARK [3][-]{section*.22}{\376\377\000D\000e\000t\000e\000c\000t\000o\000r}{section*.21}% 14
\BOOKMARK [3][-]{section*.23}{\376\377\000N\000o\000-\000C\000a\000m\000e\000r\000a\000\040\000W\000o\000r\000k\000a\000r\000o\000u\000n\000d\000:\000\040\000H\000T\000T\000P\000\040\000P\000o\000l\000l\000i\000n\000g}{section*.21}% 15
\BOOKMARK [3][-]{section*.25}{\376\377\000O\000v\000e\000r\000l\000a\000y\000s\000\040\000a\000n\000d\000\040\000S\000h\000a\000r\000e\000d\000\040\000O\000u\000t\000p\000u\000t}{section*.21}% 16
\BOOKMARK [2][-]{section*.26}{\376\377\000E\000x\000p\000e\000r\000i\000m\000e\000n\000t\000\040\0003\000-\0001\000:\000\040\000D\000e\000t\000e\000c\000t\000i\000o\000n\000\040\000A\000c\000c\000u\000r\000a\000c\000y\000\040\000U\000n\000d\000e\000r\000\040\000V\000a\000r\000y\000i\000n\000g\000\040\000L\000i\000g\000h\000t\000i\000n\000g}{section*.20}% 17
\BOOKMARK [2][-]{section*.35}{\376\377\000E\000x\000p\000e\000r\000i\000m\000e\000n\000t\000\040\0003\000-\0002\000:\000\040\000S\000p\000o\000o\000f\000\040\000T\000e\000s\000t}{section*.20}% 18
\BOOKMARK [2][-]{section.1}{\376\377\000Q\000u\000e\000s\000t\000i\000o\000n\000\040\000C\000a\000n\000\040\000a\000\040\000p\000r\000i\000n\000t\000e\000d\000\040\000p\000h\000o\000t\000o\000\040\000o\000r\000\040\000p\000h\000o\000n\000e\000/\000t\000a\000b\000l\000e\000t\000\040\000s\000c\000r\000e\000e\000n\000\040\000f\000o\000o\000l\000\040\000t\000h\000e\000\040\000d\000e\000t\000e\000c\000t\000o\000r\000?}{section*.20}% 19
\BOOKMARK [2][-]{section*.38}{\376\377\000E\000x\000p\000e\000r\000i\000m\000e\000n\000t\000\040\0003\000-\0003\000:\000\040\000R\000e\000s\000o\000l\000u\000t\000i\000o\000n\000\040\000S\000w\000e\000e\000p}{section*.20}% 20
\BOOKMARK [3][-]{section*.39}{\376\377\000A\000n\000\040\000u\000n\000i\000n\000t\000e\000n\000t\000i\000o\000n\000a\000l\000\040\000f\000i\000r\000s\000t\000\040\000r\000e\000s\000u\000l\000t\000:\000\040\000p\000a\000r\000a\000m\000e\000t\000e\000r\000s\000\040\000d\000o\000\040\000n\000o\000t\000\040\000s\000c\000a\000l\000e\000\040\000f\000o\000r\000\040\000f\000r\000e\000e}{section*.38}% 21
\BOOKMARK [3][-]{section*.45}{\376\377\000O\000p\000t\000i\000m\000i\000z\000a\000t\000i\000o\000n\000\040\000P\000a\000r\000a\000m\000e\000t\000e\000r\000s}{section*.38}% 22
\BOOKMARK [3][-]{section*.47}{\376\377\000C\000o\000n\000c\000l\000u\000s\000i\000o\000n\000:\000\040\000O\000p\000t\000i\000m\000a\000l\000\040\000S\000e\000t\000t\000i\000n\000g}{section*.38}% 23
\BOOKMARK [2][-]{section*.48}{\376\377\000S\000e\000c\000t\000i\000o\000n\000\040\000S\000u\000m\000m\000a\000r\000y}{section*.20}% 24
\BOOKMARK [1][-]{section*.50}{\376\377\000W\000e\000b\000\040\000S\000e\000r\000v\000e\000r\000,\000\040\000S\000S\000L\000\040\000\046\000\040\000s\000y\000s\000t\000e\000m\000d}{}% 25
\BOOKMARK [2][-]{section*.51}{\376\377\000O\000v\000e\000r\000v\000i\000e\000w}{section*.50}% 26
\BOOKMARK [2][-]{section*.52}{\376\377\000W\000e\000b\000\040\000S\000e\000r\000v\000e\000r\000\040\000A\000r\000c\000h\000i\000t\000e\000c\000t\000u\000r\000e}{section*.50}% 27
\BOOKMARK [2][-]{section*.55}{\376\377\000s\000y\000s\000t\000e\000m\000d\000\040\000D\000e\000p\000l\000o\000y\000m\000e\000n\000t}{section*.50}% 28
\BOOKMARK [2][-]{section.2}{\376\377\000Q\000u\000e\000s\000t\000i\000o\000n\000\040\000W\000h\000y\000\040\000d\000o\000e\000s\000\040\000i\000m\000a\000g\000e\000\040\000p\000r\000o\000c\000e\000s\000s\000i\000n\000g\000\040\000h\000a\000v\000e\000\040\000t\000o\000\040\000s\000t\000a\000r\000t\000\040\000b\000e\000f\000o\000r\000e\000\040\000t\000h\000e\000\040\000w\000e\000b\000\040\000s\000e\000r\000v\000e\000r\000?}{section*.50}% 29
\BOOKMARK [2][-]{section*.56}{\376\377\000E\000x\000p\000e\000r\000i\000m\000e\000n\000t\000\040\0001\000-\0001\000:\000\040\000B\000o\000o\000t\000\040\000T\000i\000m\000e}{section*.50}% 30
\BOOKMARK [2][-]{section*.61}{\376\377\000E\000x\000p\000e\000r\000i\000m\000e\000n\000t\000\040\0001\000-\0002\000:\000\040\000k\000i\000l\000l\000\040\000-\0009}{section*.50}% 31
\BOOKMARK [2][-]{section*.63}{\376\377\000E\000x\000p\000e\000r\000i\000m\000e\000n\000t\000\040\0001\000-\0003\000:\000\040\000F\000u\000l\000l\000\040\000P\000o\000w\000e\000r\000\040\000C\000y\000c\000l\000e}{section*.50}% 32
\BOOKMARK [2][-]{section*.64}{\376\377\000E\000x\000p\000e\000r\000i\000m\000e\000n\000t\000\040\0001\000-\0004\000:\000\040\000H\000T\000T\000P\000\040\000t\000o\000\040\000H\000T\000T\000P\000S\000\040\000R\000e\000d\000i\000r\000e\000c\000t}{section*.50}% 33
\BOOKMARK [2][-]{section*.66}{\376\377\000E\000x\000p\000e\000r\000i\000m\000e\000n\000t\000\040\0001\000-\0005\000:\000\040\000C\000e\000r\000t\000i\000f\000i\000c\000a\000t\000e\000\040\000C\000N}{section*.50}% 34
\BOOKMARK [2][-]{section*.68}{\376\377\000E\000x\000p\000e\000r\000i\000m\000e\000n\000t\000\040\0001\000-\0006\000:\000\040\000H\000T\000M\000L\000\040\000P\000a\000g\000e\000\040\000S\000h\000o\000w\000s\000\040\000S\000t\000u\000d\000e\000n\000t\000\040\000I\000D}{section*.50}% 35
\BOOKMARK [2][-]{section*.69}{\376\377\000S\000e\000c\000t\000i\000o\000n\000\040\000S\000u\000m\000m\000a\000r\000y}{section*.50}% 36
\BOOKMARK [1][-]{section*.71}{\376\377\000R\000E\000S\000T\000\040\000A\000P\000I\000\040\000\046\000\040\000S\000w\000a\000g\000g\000e\000r}{}% 37
\BOOKMARK [2][-]{section*.72}{\376\377\000O\000v\000e\000r\000v\000i\000e\000w}{section*.71}% 38
\BOOKMARK [2][-]{section*.73}{\376\377\000A\000P\000I\000\040\000S\000u\000r\000f\000a\000c\000e}{section*.71}% 39
\BOOKMARK [3][-]{section*.75}{\376\377\000E\000x\000t\000e\000n\000s\000i\000b\000l\000e\000\040\000C\000o\000m\000m\000a\000n\000d\000\040\000D\000i\000s\000p\000a\000t\000c\000h}{section*.73}% 40
\BOOKMARK [3][-]{section*.76}{\376\377\000H\000i\000s\000t\000o\000r\000y\000\040\000\050\000L\000a\000s\000t\000\040\0005\000\040\000R\000e\000c\000o\000r\000d\000s\000\051}{section*.73}% 41
\BOOKMARK [2][-]{section*.77}{\376\377\000L\000i\000v\000e\000\040\000D\000e\000m\000o\000n\000s\000t\000r\000a\000t\000i\000o\000n}{section*.71}% 42
\BOOKMARK [3][-]{section*.79}{\376\377\000V\000e\000r\000i\000f\000y\000i\000n\000g\000\040\000t\000h\000e\000\040\000D\000a\000n\000g\000e\000r\000o\000u\000s\000-\000C\000o\000m\000m\000a\000n\000d\000\040\000G\000a\000t\000e\000\040\000A\000c\000t\000u\000a\000l\000l\000y\000\040\000E\000x\000e\000c\000u\000t\000e\000s}{section*.77}% 43
\BOOKMARK [2][-]{section*.82}{\376\377\000S\000w\000a\000g\000g\000e\000r\000\040\000U\000I}{section*.71}% 44
\BOOKMARK [2][-]{section*.83}{\376\377\000E\000x\000p\000e\000r\000i\000m\000e\000n\000t\000\040\0002\000-\0001\000:\000\040\000T\000e\000m\000p\000e\000r\000a\000t\000u\000r\000e\000\040\000U\000n\000d\000e\000r\000\040\000T\000h\000r\000e\000e\000\040\000C\000o\000n\000d\000i\000t\000i\000o\000n\000s}{section*.71}% 45
\BOOKMARK [2][-]{section.3}{\376\377\000Q\000u\000e\000s\000t\000i\000o\000n\000\040\000H\000o\000w\000\040\000d\000o\000e\000s\000\040\000C\000P\000U\000\040\000t\000e\000m\000p\000e\000r\000a\000t\000u\000r\000e\000\040\000c\000h\000a\000n\000g\000e\000\040\000a\000c\000r\000o\000s\000s\000\040\000i\000d\000l\000e\000,\000\040\000s\000t\000r\000e\000a\000m\000i\000n\000g\000,\000\040\000a\000n\000d\000\040\000s\000t\000r\000e\000a\000m\000i\000n\000g\000+\000d\000e\000t\000e\000c\000t\000i\000o\000n\000?}{section*.71}% 46
\BOOKMARK [2][-]{section*.86}{\376\377\000E\000x\000p\000e\000r\000i\000m\000e\000n\000t\000\040\0002\000-\0002\000:\000\040\000M\000e\000m\000o\000r\000y\000\040\000U\000s\000a\000g\000e\000\040\000O\000v\000e\000r\000\040\0005\000\040\000M\000i\000n\000u\000t\000e\000s\000\040\000o\000f\000\040\000S\000t\000r\000e\000a\000m\000i\000n\000g}{section*.71}% 47
\BOOKMARK [2][-]{section.4}{\376\377\000Q\000u\000e\000s\000t\000i\000o\000n\000\040\000D\000o\000e\000s\000\040\000m\000e\000m\000o\000r\000y\000\040\000u\000s\000a\000g\000e\000\040\000g\000r\000o\000w\000\040\000o\000v\000e\000r\000\040\000a\000\040\000s\000u\000s\000t\000a\000i\000n\000e\000d\000\040\000s\000t\000r\000e\000a\000m\000i\000n\000g\000\040\000s\000e\000s\000s\000i\000o\000n\000?}{section*.71}% 48
\BOOKMARK [2][-]{section*.89}{\376\377\000E\000x\000p\000e\000r\000i\000m\000e\000n\000t\000\040\0002\000-\0003\000:\000\040\0005\0000\000\040\000C\000o\000n\000c\000u\000r\000r\000e\000n\000t\000\040\000R\000e\000q\000u\000e\000s\000t\000s}{section*.71}% 49
\BOOKMARK [2][-]{section.5}{\376\377\000Q\000u\000e\000s\000t\000i\000o\000n\000\040\000W\000h\000a\000t\000\040\000h\000a\000p\000p\000e\000n\000s\000\040\000t\000o\000\040\000l\000a\000t\000e\000n\000c\000y\000\040\000a\000n\000d\000\040\000s\000y\000s\000t\000e\000m\000\040\000l\000o\000a\000d\000\040\000u\000n\000d\000e\000r\000\040\0005\0000\000\040\000c\000o\000n\000c\000u\000r\000r\000e\000n\000t\000\040\000r\000e\000q\000u\000e\000s\000t\000s\000?}{section*.71}% 50
\BOOKMARK [2][-]{section*.92}{\376\377\000E\000x\000p\000e\000r\000i\000m\000e\000n\000t\000\040\0002\000-\0004\000:\000\040\000N\000e\000t\000w\000o\000r\000k\000\040\000D\000i\000s\000c\000o\000n\000n\000e\000c\000t\000\040\000/\000\040\000R\000e\000c\000o\000n\000n\000e\000c\000t}{section*.71}% 51
\BOOKMARK [2][-]{section.6}{\376\377\000Q\000u\000e\000s\000t\000i\000o\000n\000\040\000W\000h\000a\000t\000\040\000h\000a\000p\000p\000e\000n\000s\000\040\000t\000o\000\040\000t\000h\000e\000\040\000s\000t\000r\000e\000a\000m\000\040\000a\000n\000d\000\040\000t\000h\000e\000\040\000s\000e\000r\000v\000e\000r\000\040\000w\000h\000e\000n\000\040\000t\000h\000e\000\040\000n\000e\000t\000w\000o\000r\000k\000\040\000d\000r\000o\000p\000s\000\040\000m\000i\000d\000-\000s\000e\000s\000s\000i\000o\000n\000,\000\040\000a\000n\000d\000\040\000d\000o\000e\000s\000\040\000t\000h\000e\000\040\000s\000e\000r\000v\000i\000c\000e\000\040\000n\000e\000e\000d\000\040\000t\000o\000\040\000r\000e\000s\000t\000a\000r\000t\000?}{section*.71}% 52
\BOOKMARK [2][-]{section*.95}{\376\377\000S\000e\000c\000t\000i\000o\000n\000\040\000S\000u\000m\000m\000a\000r\000y}{section*.71}% 53
\BOOKMARK [1][-]{section*.97}{\376\377\000M\000Q\000T\000T\000\040\000\046\000\040\000E\000m\000a\000i\000l}{}% 54
\BOOKMARK [2][-]{section*.98}{\376\377\000O\000v\000e\000r\000v\000i\000e\000w}{section*.97}% 55
\BOOKMARK [2][-]{section.7}{\376\377\000Q\000u\000e\000s\000t\000i\000o\000n\000\040\000W\000h\000y\000\040\000a\000\040\000s\000e\000p\000a\000r\000a\000t\000e\000\040\000d\000a\000e\000m\000o\000n\000\040\000r\000a\000t\000h\000e\000r\000\040\000t\000h\000a\000n\000\040\000f\000o\000l\000d\000i\000n\000g\000\040\000t\000h\000i\000s\000\040\000i\000n\000t\000o\000\040\000t\000h\000e\000\040\000e\000x\000i\000s\000t\000i\000n\000g\000\040\000w\000e\000b\000\040\000s\000e\000r\000v\000e\000r\000?}{section*.97}% 56
\BOOKMARK [2][-]{section*.99}{\376\377\000M\000Q\000T\000T\000\040\000P\000u\000b\000l\000i\000s\000h\000i\000n\000g}{section*.97}% 57
\BOOKMARK [3][-]{section*.101}{\376\377\000L\000a\000s\000t\000\040\000W\000i\000l\000l\000\040\000a\000n\000d\000\040\000T\000e\000s\000t\000a\000m\000e\000n\000t}{section*.99}% 58
\BOOKMARK [2][-]{section*.102}{\376\377\000E\000-\000m\000a\000i\000l\000\040\000N\000o\000t\000i\000f\000i\000c\000a\000t\000i\000o\000n\000\040\000a\000n\000d\000\040\000t\000h\000e\000\040\000D\000e\000b\000o\000u\000n\000c\000e\000\040\000M\000e\000c\000h\000a\000n\000i\000s\000m}{section*.97}% 59
\BOOKMARK [2][-]{section*.104}{\376\377\000I\000s\000s\000u\000e\000s\000\040\000F\000o\000u\000n\000d\000\040\000a\000n\000d\000\040\000F\000i\000x\000e\000d}{section*.97}% 60
\BOOKMARK [3][-]{section*.105}{\376\377\000M\000Q\000T\000T\000'\000s\000\040\000f\000i\000r\000s\000t\000\040\000c\000o\000n\000n\000e\000c\000t\000i\000o\000n\000\040\000a\000t\000t\000e\000m\000p\000t\000\040\000w\000a\000s\000\040\000a\000\040\000p\000e\000r\000m\000a\000n\000e\000n\000t\000\040\000f\000a\000i\000l\000u\000r\000e}{section*.104}% 61
\BOOKMARK [3][-]{section*.106}{\376\377\000E\000-\000m\000a\000i\000l\000\040\000a\000t\000t\000a\000c\000h\000m\000e\000n\000t\000\040\000c\000o\000r\000r\000u\000p\000t\000i\000o\000n\000\040\040\024\000\040\000t\000w\000o\000\040\000s\000e\000p\000a\000r\000a\000t\000e\000\040\000c\000a\000u\000s\000e\000s}{section*.104}% 62
\BOOKMARK [3][-]{section*.107}{\376\377\000O\000t\000h\000e\000r\000\040\000d\000o\000c\000u\000m\000e\000n\000t\000e\000d\000,\000\040\000i\000n\000t\000e\000n\000t\000i\000o\000n\000a\000l\000\040\000b\000e\000h\000a\000v\000i\000o\000r\000s}{section*.104}% 63
\BOOKMARK [2][-]{section*.108}{\376\377\000E\000x\000p\000e\000r\000i\000m\000e\000n\000t\000\040\0003\000-\0004\000:\000\040\000B\000r\000o\000k\000e\000r\000\040\000O\000u\000t\000a\000g\000e\000,\000\040\000L\000W\000T\000\040\000R\000e\000c\000e\000p\000t\000i\000o\000n}{section*.97}% 64
\BOOKMARK [2][-]{section*.112}{\376\377\000E\000x\000p\000e\000r\000i\000m\000e\000n\000t\000\040\0003\000-\0005\000:\000\040\000E\000n\000t\000r\000y\000-\000t\000o\000-\000R\000e\000c\000e\000i\000p\000t\000\040\000L\000a\000t\000e\000n\000c\000y}{section*.97}% 65
\BOOKMARK [2][-]{section.8}{\376\377\000Q\000u\000e\000s\000t\000i\000o\000n\000\040\000W\000h\000a\000t\000\040\000d\000o\000e\000s\000\040\000t\000h\000i\000s\000\040\000l\000a\000t\000e\000n\000c\000y\000\040\000m\000e\000a\000s\000u\000r\000e\000m\000e\000n\000t\000\040\000a\000c\000t\000u\000a\000l\000l\000y\000\040\000c\000a\000p\000t\000u\000r\000e\000?}{section*.97}% 66
\BOOKMARK [2][-]{section*.114}{\376\377\000S\000e\000c\000t\000i\000o\000n\000\040\000S\000u\000m\000m\000a\000r\000y}{section*.97}% 67
\BOOKMARK [1][-]{section*.116}{\376\377\000A\000d\000v\000a\000n\000c\000e\000d\000\040\000F\000e\000a\000t\000u\000r\000e\000s}{}% 68
\BOOKMARK [2][-]{section*.117}{\376\377\000O\000v\000e\000r\000v\000i\000e\000w}{section*.116}% 69
\BOOKMARK [2][-]{section.9}{\376\377\000Q\000u\000e\000s\000t\000i\000o\000n\000\040\000W\000h\000y\000\040\000r\000o\000u\000t\000e\000\040\000a\000l\000l\000\040\000f\000o\000u\000r\000\040\000f\000e\000a\000t\000u\000r\000e\000s\000\040\000t\000h\000r\000o\000u\000g\000h\000\040\000o\000n\000e\000\040\000e\000x\000i\000s\000t\000i\000n\000g\000\040\000d\000a\000e\000m\000o\000n\000\040\000i\000n\000s\000t\000e\000a\000d\000\040\000o\000f\000\040\000b\000u\000i\000l\000d\000i\000n\000g\000\040\000t\000h\000e\000m\000\040\000a\000s\000\040\000s\000e\000p\000a\000r\000a\000t\000e\000\040\000p\000r\000o\000c\000e\000s\000s\000e\000s\000?}{section*.116}% 70
\BOOKMARK [3][-]{section*.119}{\376\377\000C\000r\000o\000s\000s\000-\000p\000r\000o\000c\000e\000s\000s\000\040\000s\000t\000a\000t\000e}{section.9}% 71
\BOOKMARK [2][-]{section*.120}{\376\377\000G\000u\000a\000r\000d\000\040\000M\000o\000d\000e}{section*.116}% 72
\BOOKMARK [3][-]{section*.124}{\376\377\000C\000r\000o\000s\000s\000-\000C\000h\000a\000n\000n\000e\000l\000\040\000C\000o\000n\000f\000i\000r\000m\000a\000t\000i\000o\000n\000:\000\040\000O\000n\000e\000\040\000A\000l\000a\000r\000m\000,\000\040\000T\000h\000r\000e\000e\000\040\000C\000h\000a\000n\000n\000e\000l\000s}{section*.120}% 73
\BOOKMARK [2][-]{section*.128}{\376\377\000B\000l\000a\000c\000k\000\040\000B\000o\000x\000\040\000\050\000S\000Q\000L\000i\000t\000e\000\051}{section*.116}% 74
\BOOKMARK [2][-]{section*.130}{\376\377\000W\000a\000t\000c\000h\000d\000o\000g}{section*.116}% 75
\BOOKMARK [2][-]{section*.131}{\376\377\000A\000d\000a\000p\000t\000i\000v\000e\000\040\000T\000h\000e\000r\000m\000a\000l\000\040\000M\000a\000n\000a\000g\000e\000m\000e\000n\000t}{section*.116}% 76
\BOOKMARK [2][-]{section.10}{\376\377\000Q\000u\000e\000s\000t\000i\000o\000n\000\040\000W\000h\000y\000\040\000u\000s\000e\000\040\000t\000w\000o\000\040\000d\000i\000f\000f\000e\000r\000e\000n\000t\000\040\000t\000h\000r\000e\000s\000h\000o\000l\000d\000s\000\040\000i\000n\000s\000t\000e\000a\000d\000\040\000o\000f\000\040\000o\000n\000e\000?}{section*.116}% 77
\BOOKMARK [2][-]{section*.132}{\376\377\000E\000x\000p\000e\000r\000i\000m\000e\000n\000t\000\040\0004\000-\0001\000:\000\040\000G\000u\000a\000r\000d\000\040\000M\000o\000d\000e\000\040\000D\000e\000m\000o}{section*.116}% 78
\BOOKMARK [2][-]{section*.134}{\376\377\000E\000x\000p\000e\000r\000i\000m\000e\000n\000t\000\040\0004\000-\0002\000:\000\040\000B\000l\000a\000c\000k\000\040\000B\000o\000x\000\040\000C\000o\000n\000t\000e\000n\000t\000s}{section*.116}% 79
\BOOKMARK [2][-]{section*.136}{\376\377\000E\000x\000p\000e\000r\000i\000m\000e\000n\000t\000\040\0004\000-\0003\000:\000\040\000W\000a\000t\000c\000h\000d\000o\000g\000\040\000R\000e\000a\000c\000t\000i\000o\000n\000\040\000t\000o\000\040\000a\000\040\000D\000i\000s\000c\000o\000n\000n\000e\000c\000t\000e\000d\000\040\000C\000a\000m\000e\000r\000a}{section*.116}% 80
\BOOKMARK [2][-]{section.11}{\376\377\000Q\000u\000e\000s\000t\000i\000o\000n\000\040\000D\000o\000e\000s\000\040\000t\000h\000e\000\040\000w\000a\000t\000c\000h\000d\000o\000g\000'\000s\000\040\000a\000l\000e\000r\000t\000\040\000e\000-\000m\000a\000i\000l\000\040\000a\000c\000t\000u\000a\000l\000l\000y\000\040\000w\000o\000r\000k\000,\000\040\000s\000e\000p\000a\000r\000a\000t\000e\000l\000y\000\040\000f\000r\000o\000m\000\040\000t\000h\000e\000\040\000t\000i\000m\000e\000o\000u\000t\000-\000r\000o\000b\000u\000s\000t\000n\000e\000s\000s\000\040\000c\000l\000a\000i\000m\000\040\000a\000b\000o\000v\000e\000?}{section*.116}% 81
\BOOKMARK [2][-]{section*.143}{\376\377\000E\000x\000p\000e\000r\000i\000m\000e\000n\000t\000\040\0004\000-\0004\000:\000\040\000S\000i\000m\000u\000l\000a\000t\000e\000d\000\040\000H\000i\000g\000h\000\040\000T\000e\000m\000p\000e\000r\000a\000t\000u\000r\000e}{section*.116}% 82
\BOOKMARK [2][-]{section.12}{\376\377\000Q\000u\000e\000s\000t\000i\000o\000n\000\040\000D\000o\000e\000s\000\040\000t\000h\000e\000\040\000a\000d\000a\000p\000t\000i\000v\000e\000\040\000t\000h\000e\000r\000m\000a\000l\000\040\000r\000e\000s\000p\000o\000n\000s\000e\000\040\000a\000c\000t\000u\000a\000l\000l\000y\000\040\000b\000e\000h\000a\000v\000e\000\040\000a\000s\000\040\000d\000e\000s\000i\000g\000n\000e\000d\000\040\000u\000n\000d\000e\000r\000\040\000r\000e\000a\000l\000,\000\040\000s\000u\000s\000t\000a\000i\000n\000e\000d\000\040\000l\000o\000a\000d\000?}{section*.116}% 83
\BOOKMARK [2][-]{section.13}{\376\377\000Q\000u\000e\000s\000t\000i\000o\000n\000\040\000D\000o\000e\000s\000\040\000t\000h\000e\000\040\000t\000h\000r\000o\000t\000t\000l\000e\000\040\000s\000e\000t\000t\000i\000n\000g\000\040\000a\000c\000t\000u\000a\000l\000l\000y\000\040\000c\000h\000a\000n\000g\000e\000\040\000w\000h\000a\000t\000\040\000t\000h\000e\000\040\000d\000e\000t\000e\000c\000t\000o\000r\000\040\000d\000o\000e\000s\000,\000\040\000n\000o\000t\000\040\000j\000u\000s\000t\000\040\000w\000h\000a\000t\000\040\000c\000o\000n\000t\000r\000o\000l\000.\000j\000s\000o\000n\000\040\000s\000a\000y\000s\000?}{section*.116}% 84
\BOOKMARK [2][-]{section*.153}{\376\377\000S\000e\000c\000t\000i\000o\000n\000\040\000S\000u\000m\000m\000a\000r\000y}{section*.116}% 85
